ESP-ROM:esp32s3-20210327
Build:Mar 27 2021
rst:0x15 (USB_UART_CHIP_RESET),boot:0x8 (SPI_FAST_FLASH_BOOT)
Saved PC:0x40048ede
SPIWP:0xee
mode:DIO, clock div:1
load:0x3fce2820,len:0x1918
load:0x403c8700,len:0x4
load:0x403c8704,len:0xe5c
load:0x403cb700,len:0x303c
entry 0x403c893c
[0;32mI (26) boot: ESP-IDF v5.3.1-dirty 2nd stage bootloader[0m
[0;32mI (27) boot: compile time Oct 14 2024 10:29:00[0m
[0;32mI (27) boot: Multicore bootloader[0m
[0;32mI (30) boot: chip revision: v0.1[0m
[0;32mI (34) qio_mode: Enabling default flash chip QIO[0m
[0;32mI (39) boot.esp32s3: Boot SPI Speed : 80MHz[0m
[0;32mI (44) boot.esp32s3: SPI Mode       : QIO[0m
[0;32mI (49) boot.esp32s3: SPI Flash Size : 16MB[0m
[0;32mI (54) boot: Enabling RNG early entropy source...[0m
[0;32mI (59) boot: Partition Table:[0m
[0;32mI (63) boot: ## Label            Usage          Type ST Offset   Length[0m
[0;32mI (70) boot:  0 nvs              WiFi data        01 02 00009000 00006000[0m
[0;32mI (77) boot:  1 phy_init         RF data          01 01 0000f000 00001000[0m
[0;32mI (85) boot:  2 factory          factory app      00 00 00010000 00177000[0m
[0;32mI (92) boot: End of partition table[0m
[0;32mI (97) esp_image: segment 0: paddr=00010020 vaddr=3c060020 size=374cch (226508) map[0m
[0;32mI (139) esp_image: segment 1: paddr=000474f4 vaddr=3fc95f00 size=032d0h ( 13008) load[0m
[0;32mI (142) esp_image: segment 2: paddr=0004a7cc vaddr=40374000 size=0584ch ( 22604) load[0m
[0;32mI (149) esp_image: segment 3: paddr=00050020 vaddr=42000020 size=54aa8h (346792) map[0m
[0;32mI (206) esp_image: segment 4: paddr=000a4ad0 vaddr=4037984c size=0c5e8h ( 50664) load[0m
[0;32mI (216) esp_image: segment 5: paddr=000b10c0 vaddr=600fe100 size=00004h (     4) load[0m
[0;32mI (224) boot: Loaded app from partition at offset 0x10000[0m
[0;32mI (224) boot: Disabling RNG early entropy source...[0m
[0;32mI (237) octal_psram: ECC is enabled[0m
[0;32mI (237) octal_psram: vendor id    : 0x0d (AP)[0m
[0;32mI (237) octal_psram: dev id       : 0x02 (generation 3)[0m
[0;32mI (241) octal_psram: density      : 0x03 (64 Mbit)[0m
[0;32mI (246) octal_psram: good-die     : 0x01 (Pass)[0m
[0;32mI (251) octal_psram: Latency      : 0x01 (Fixed)[0m
[0;32mI (257) octal_psram: VCC          : 0x01 (3V)[0m
[0;32mI (262) octal_psram: SRF          : 0x01 (Fast Refresh)[0m
[0;32mI (268) octal_psram: BurstType    : 0x00 ( Wrap)[0m
[0;32mI (273) octal_psram: BurstLen     : 0x03 (1024 Byte)[0m
[0;32mI (279) octal_psram: Readlatency  : 0x02 (10 cycles@Fixed)[0m
[0;32mI (285) octal_psram: DriveStrength: 0x00 (1/1)[0m
[0;32mI (291) MSPI Timing: PSRAM timing tuning index: 5[0m
[0;32mI (295) esp_psram: Found 8MB PSRAM device[0m
[0;32mI (300) esp_psram: Speed: 80MHz[0m
[0;32mI (324) mmu_psram: Read only data copied and mapped to SPIRAM[0m
[0;32mI (355) mmu_psram: Instructions copied and mapped to SPIRAM[0m
[0;32mI (356) cpu_start: Multicore app[0m
[0;32mI (742) esp_psram: SPI SRAM memory test OK[0m
[0;32mI (750) cpu_start: Pro cpu start user code[0m
[0;32mI (750) cpu_start: cpu freq: 240000000 Hz[0m
[0;32mI (750) app_init: Application information:[0m
[0;32mI (753) app_init: Project name:     esp_idf_v5.0_tembed[0m
[0;32mI (759) app_init: App version:      01a3a70-dirty[0m
[0;32mI (764) app_init: Compile time:     Oct 14 2024 18:51:21[0m
[0;32mI (770) app_init: ELF file SHA256:  e72d0cbb49b8a811...[0m
[0;32mI (776) app_init: ESP-IDF:          v5.3.1-dirty[0m
[0;32mI (782) efuse_init: Min chip rev:     v0.0[0m
[0;32mI (786) efuse_init: Max chip rev:     v0.99 [0m
[0;32mI (791) efuse_init: Chip rev:         v0.1[0m
[0;32mI (796) heap_init: Initializing. RAM available for dynamic allocation:[0m
[0;32mI (803) heap_init: At 3FCA21F8 len 00047518 (285 KiB): RAM[0m
[0;32mI (810) heap_init: At 3FCE9710 len 00005724 (21 KiB): RAM[0m
[0;32mI (816) heap_init: At 3FCF0000 len 00008000 (32 KiB): DRAM[0m
[0;32mI (822) heap_init: At 600FE104 len 00001EE4 (7 KiB): RTCRAM[0m
[0;32mI (828) esp_psram: Adding pool of 7040K of PSRAM memory to heap allocator[0m
[0;32mI (836) spi_flash: detected chip: gd[0m
[0;32mI (840) spi_flash: flash io: qio[0m
[0;32mI (844) sleep: Configure to isolate all GPIO pins in sleep state[0m
[0;32mI (850) sleep: Enable automatic switching of GPIO sleep configuration[0m
[0;32mI (858) main_task: Started on CPU0[0m
[0;32mI (868) esp_psram: Reserving pool of 32K of internal memory for DMA/internal allocations[0m
[0;32mI (868) main_task: Calling app_main()[0m
[0;32mI (878) tembed: Hello lcd![0m
This is esp32s3 chip with 2 CPU core(s), WiFi/BLE, silicon revision v0.1, 16MB external flash
Minimum free heap size: 7505964 bytes
[0;32mI (888) gpio: GPIO[46]| InputEn: 0| OutputEn: 1| OpenDrain: 0| Pullup: 0| Pulldown: 0| Intr:0 [0m
[0;32mI (898) APA102: Init clk:45 data:42[0m
[0;32mI (908) gpio: GPIO[42]| InputEn: 0| OutputEn: 1| OpenDrain: 0| Pullup: 0| Pulldown: 0| Intr:0 [0m
[0;32mI (908) gpio: GPIO[45]| InputEn: 0| OutputEn: 1| OpenDrain: 0| Pullup: 0| Pulldown: 0| Intr:0 [0m
[0;32mI (918) lcd: Backlight off[0m
[0;32mI (928) gpio: GPIO[15]| InputEn: 0| OutputEn: 1| OpenDrain: 0| Pullup: 0| Pulldown: 0| Intr:0 [0m
[0;32mI (938) lcd: Init SPI bus[0m
[0;32mI (938) lcd: Init panel io[0m
[0;32mI (938) gpio: GPIO[13]| InputEn: 0| OutputEn: 1| OpenDrain: 0| Pullup: 0| Pulldown: 0| Intr:0 [0m
[0;32mI (948) lcd: Attach panel[0m
[0;32mI (958) gpio: GPIO[9]| InputEn: 0| OutputEn: 1| OpenDrain: 0| Pullup: 0| Pulldown: 0| Intr:0 [0m
[0;32mI (968) lcd: Init lcd[0m
[0;32mI (2088) lcd: Enable lcd[0m
[0;32mI (2088) lcd: Backlight on[0m
[0;32mI (2088) gpio: GPIO[0]| InputEn: 1| OutputEn: 0| OpenDrain: 0| Pullup: 1| Pulldown: 0| Intr:0 [0m
[0;32mI (2088) gpio: GPIO[2]| InputEn: 1| OutputEn: 0| OpenDrain: 0| Pullup: 1| Pulldown: 0| Intr:3 [0m
[0;32mI (2098) gpio: GPIO[1]| InputEn: 1| OutputEn: 0| OpenDrain: 0| Pullup: 1| Pulldown: 0| Intr:3 [0m
[0;32mI (2108) Knob: Iot Knob Config Succeed, encoder A:2, encoder B:1, direction:0, Version: 0.1.0[0m
[0;32mI (2118) lvgl: Init[0m
[0;32mI (2118) lvgl: Register display[0m
[0;32mI (2128) lvgl: Tick timer[0m
[0;32mI (2128) tembed: Display LVGL[0m
Guru Meditation Error: Core  0 panic'ed (LoadProhibited). Exception was unhandled.

Core  0 register dump:
PC      : 0x4204e877  PS      : 0x00060f30  A0      : 0x8200cf13  A1      : 0x3fca5bf0  
A2      : 0x00000000  A3      : 0x00000000  A4      : 0x00000055  A5      : 0x00000000  
A6      : 0x00000000  A7      : 0x00000000  A8      : 0x00000001  A9      : 0x3fca5be0  
A10     : 0x3fc9b300  A11     : 0x00000001  A12     : 0x00000000  A13     : 0x00000001  
A14     : 0xfff10000  A15     : 0x3fc991fc  SAR     : 0x0000001b  EXCCAUSE: 0x0000001c  
EXCVADDR: 0x00000008  LBEG    : 0x42010939  LEND    : 0x42010940  LCOUNT  : 0x00000001  


Backtrace: 0x4204e874:0x3fca5bf0 0x4200cf10:0x3fca5c10 0x42018b00:0x3fca5c40 0x4200a133:0x3fca5c90 0x4200a328:0x3fca5cd0 0x4200a486:0x3fca5cf0 0x42053efb:0x3fca5d30




ELF file SHA256: e72d0cbb49b8a811

Rebooting...
ESP-ROM:esp32s3-20210327
Build:Mar 27 2021
rst:0xc (RTC_SW_CPU_RST),boot:0x8 (SPI_FAST_FLASH_BOOT)
Saved PC:0x40375e3c
SPIWP:0xee
mode:DIO, clock div:1
load:0x3fce2820,len:0x1918
load:0x403c8700,len:0x4
load:0x403c8704,len:0xe5c
load:0x403cb700,len:0x303c
entry 0x403c893c
[0;32mI (26) boot: ESP-IDF v5.3.1-dirty 2nd stage bootloader[0m
[0;32mI (26) boot: compile time Oct 14 2024 10:29:00[0m
[0;32mI (26) boot: Multicore bootloader[0m
[0;32mI (30) boot: chip revision: v0.1[0m
[0;32mI (34) qio_mode: Enabling default flash chip QIO[0m
[0;32mI (39) boot.esp32s3: Boot SPI Speed : 80MHz[0m
[0;32mI (44) boot.esp32s3: SPI Mode       : QIO[0m
[0;32mI (48) boot.esp32s3: SPI Flash Size : 16MB[0m
[0;32mI (53) boot: Enabling RNG early entropy source...[0m
[0;32mI (59) boot: Partition Table:[0m
[0;32mI (62) boot: ## Label            Usage          Type ST Offset   Length[0m
[0;32mI (69) boot:  0 nvs              WiFi data        01 02 00009000 00006000[0m
[0;32mI (77) boot:  1 phy_init         RF data          01 01 0000f000 00001000[0m
[0;32mI (84) boot:  2 factory          factory app      00 00 00010000 00177000[0m
[0;32mI (92) boot: End of partition table[0m
[0;32mI (96) esp_image: segment 0: paddr=00010020 vaddr=3c060020 size=374cch (226508) map[0m
[0;32mI (139) esp_image: segment 1: paddr=000474f4 vaddr=3fc95f00 size=032d0h ( 13008) load[0m
[0;32mI (142) esp_image: segment 2: paddr=0004a7cc vaddr=40374000 size=0584ch ( 22604) load[0m
[0;32mI (149) esp_image: segment 3: paddr=00050020 vaddr=42000020 size=54aa8h (346792) map[0m
[0;32mI (206) esp_image: segment 4: paddr=000a4ad0 vaddr=4037984c size=0c5e8h ( 50664) load[0m
[0;32mI (216) esp_image: segment 5: paddr=000b10c0 vaddr=600fe100 size=00004h (     4) load[0m
[0;32mI (223) boot: Loaded app from partition at offset 0x10000[0m
[0;32mI (224) boot: Disabling RNG early entropy source...[0m
[0;32mI (236) octal_psram: ECC is enabled[0m
[0;32mI (237) octal_psram: vendor id    : 0x0d (AP)[0m
[0;32mI (237) octal_psram: dev id       : 0x02 (generation 3)[0m
[0;32mI (240) octal_psram: density      : 0x03 (64 Mbit)[0m
[0;32mI (246) octal_psram: good-die     : 0x01 (Pass)[0m
[0;32mI (251) octal_psram: Latency      : 0x01 (Fixed)[0m
[0;32mI (256) octal_psram: VCC          : 0x01 (3V)[0m
[0;32mI (261) octal_psram: SRF          : 0x01 (Fast Refresh)[0m
[0;32mI (267) octal_psram: BurstType    : 0x00 ( Wrap)[0m
[0;32mI (272) octal_psram: BurstLen     : 0x03 (1024 Byte)[0m
[0;32mI (278) octal_psram: Readlatency  : 0x02 (10 cycles@Fixed)[0m
[0;32mI (284) octal_psram: DriveStrength: 0x00 (1/1)[0m
[0;32mI (290) MSPI Timing: PSRAM timing tuning index: 5[0m
[0;32mI (295) esp_psram: Found 8MB PSRAM device[0m
[0;32mI (299) esp_psram: Speed: 80MHz[0m
[0;32mI (323) mmu_psram: Read only data copied and mapped to SPIRAM[0m
[0;32mI (355) mmu_psram: Instructions copied and mapped to SPIRAM[0m
[0;32mI (355) cpu_start: Multicore app[0m
[0;32mI (741) esp_psram: SPI SRAM memory test OK[0m
[0;32mI (750) cpu_start: Pro cpu start user code[0m
[0;32mI (750) cpu_start: cpu freq: 240000000 Hz[0m
[0;32mI (750) app_init: Application information:[0m
[0;32mI (753) app_init: Project name:     esp_idf_v5.0_tembed[0m
[0;32mI (758) app_init: App version:      01a3a70-dirty[0m
[0;32mI (764) app_init: Compile time:     Oct 14 2024 18:51:21[0m
[0;32mI (770) app_init: ELF file SHA256:  e72d0cbb49b8a811...[0m
[0;32mI (776) app_init: ESP-IDF:          v5.3.1-dirty[0m
[0;32mI (781) efuse_init: Min chip rev:     v0.0[0m
[0;32mI (786) efuse_init: Max chip rev:     v0.99 [0m
[0;32mI (791) efuse_init: Chip rev:         v0.1[0m
[0;32mI (796) heap_init: Initializing. RAM available for dynamic allocation:[0m
[0;32mI (803) heap_init: At 3FCA21F8 len 00047518 (285 KiB): RAM[0m
[0;32mI (809) heap_init: At 3FCE9710 len 00005724 (21 KiB): RAM[0m
[0;32mI (815) heap_init: At 3FCF0000 len 00008000 (32 KiB): DRAM[0m
[0;32mI (821) heap_init: At 600FE104 len 00001EE4 (7 KiB): RTCRAM[0m
[0;32mI (827) esp_psram: Adding pool of 7040K of PSRAM memory to heap allocator[0m
[0;32mI (835) spi_flash: detected chip: gd[0m
[0;32mI (839) spi_flash: flash io: qio[0m
[0;32mI (843) sleep: Configure to isolate all GPIO pins in sleep state[0m
[0;32mI (850) sleep: Enable automatic switching of GPIO sleep configuration[0m
[0;32mI (857) main_task: Started on CPU0[0m
[0;32mI (867) esp_psram: Reserving pool of 32K of internal memory for DMA/internal allocations[0m
[0;32mI (867) main_task: Calling app_main()[0m
[0;32mI (877) tembed: Hello lcd![0m
This is esp32s3 chip with 2 CPU core(s), WiFi/BLE, silicon revision v0.1, 16MB external flash
Minimum free heap size: 7505964 bytes
[0;32mI (887) gpio: GPIO[46]| InputEn: 0| OutputEn: 1| OpenDrain: 0| Pullup: 0| Pulldown: 0| Intr:0 [0m
[0;32mI (897) APA102: Init clk:45 data:42[0m
[0;32mI (907) gpio: GPIO[42]| InputEn: 0| OutputEn: 1| OpenDrain: 0| Pullup: 0| Pulldown: 0| Intr:0 [0m
[0;32mI (907) gpio: GPIO[45]| InputEn: 0| OutputEn: 1| OpenDrain: 0| Pullup: 0| Pulldown: 0| Intr:0 [0m
[0;32mI (917) lcd: Backlight off[0m
[0;32mI (927) gpio: GPIO[15]| InputEn: 0| OutputEn: 1| OpenDrain: 0| Pullup: 0| Pulldown: 0| Intr:0 [0m
[0;32mI (937) lcd: Init SPI bus[0m
[0;32mI (937) lcd: Init panel io[0m
[0;32mI (937) gpio: GPIO[13]| InputEn: 0| OutputEn: 1| OpenDrain: 0| Pullup: 0| Pulldown: 0| Intr:0 [0m
[0;32mI (947) lcd: Attach panel[0m
[0;32mI (957) gpio: GPIO[9]| InputEn: 0| OutputEn: 1| OpenDrain: 0| Pullup: 0| Pulldown: 0| Intr:0 [0m
[0;32mI (967) lcd: Init lcd[0m
[0;32mI (2087) lcd: Enable lcd[0m
[0;32mI (2087) lcd: Backlight on[0m
[0;32mI (2087) gpio: GPIO[0]| InputEn: 1| OutputEn: 0| OpenDrain: 0| Pullup: 1| Pulldown: 0| Intr:0 [0m
[0;32mI (2087) gpio: GPIO[2]| InputEn: 1| OutputEn: 0| OpenDrain: 0| Pullup: 1| Pulldown: 0| Intr:3 [0m
[0;32mI (2097) gpio: GPIO[1]| InputEn: 1| OutputEn: 0| OpenDrain: 0| Pullup: 1| Pulldown: 0| Intr:3 [0m
[0;32mI (2107) Knob: Iot Knob Config Succeed, encoder A:2, encoder B:1, direction:0, Version: 0.1.0[0m
[0;32mI (2117) lvgl: Init[0m
[0;32mI (2117) lvgl: Register display[0m
[0;32mI (2127) lvgl: Tick timer[0m
[0;32mI (2127) tembed: Display LVGL[0m
Guru Meditation Error: Core  0 panic'ed (LoadProhibited). Exception was unhandled.

Core  0 register dump:
PC      : 0x4204e877  PS      : 0x00060f30  A0      : 0x8200cf13  A1      : 0x3fca5bf0  
A2      : 0x00000000  A3      : 0x00000000  A4      : 0x00000055  A5      : 0x00000000  
A6      : 0x00000000  A7      : 0x00000000  A8      : 0x00000001  A9      : 0x3fca5be0  
A10     : 0x3fc9b300  A11     : 0x00000001  A12     : 0x00000000  A13     : 0x00000001  
A14     : 0xfff10000  A15     : 0x3fc991fc  SAR     : 0x0000001b  EXCCAUSE: 0x0000001c  
EXCVADDR: 0x00000008  LBEG    : 0x42010939  LEND    : 0x42010940  LCOUNT  : 0x00000001  


Backtrace: 0x4204e874:0x3fca5bf0 0x4200cf10:0x3fca5c10 0x42018b00:0x3fca5c40 0x4200a133:0x3fca5c90 0x4200a328:0x3fca5cd0 0x4200a486:0x3fca5cf0 0x42053efb:0x3fca5d30




ELF file SHA256: e72d0cbb49b8a811

Rebooting...
ESP-ROM:esp32s3-20210327
Build:Mar 27 2021
rst:0xc (RTC_SW_CPU_RST),boot:0x8 (SPI_FAST_FLASH_BOOT)
Saved PC:0x40375e3c
SPIWP:0xee
mode:DIO, clock div:1
load:0x3fce2820,len:0x1918
load:0x403c8700,len:0x4
load:0x403c8704,len:0xe5c
load:0x403cb700,len:0x303c
entry 0x403c893c
[0;32mI (26) boot: ESP-IDF v5.3.1-dirty 2nd stage bootloader[0m
[0;32mI (26) boot: compile time Oct 14 2024 10:29:00[0m
[0;32mI (26) boot: Multicore bootloader[0m
[0;32mI (30) boot: chip revision: v0.1[0m
[0;32mI (34) qio_mode: Enabling default flash chip QIO[0m
[0;32mI (39) boot.esp32s3: Boot SPI Speed : 80MHz[0m
[0;32mI (44) boot.esp32s3: SPI Mode       : QIO[0m
[0;32mI (48) boot.esp32s3: SPI Flash Size : 16MB[0m
[0;32mI (53) boot: Enabling RNG early entropy source...[0m
[0;32mI (59) boot: Partition Table:[0m
[0;32mI (62) boot: ## Label            Usage          Type ST Offset   Length[0m
[0;32mI (69) boot:  0 nvs              WiFi data        01 02 00009000 00006000[0m
[0;32mI (77) boot:  1 phy_init         RF data          01 01 0000f000 00001000[0m
[0;32mI (84) boot:  2 factory          factory app      00 00 00010000 00177000[0m
[0;32mI (92) boot: End of partition table[0m
[0;32mI (96) esp_image: segment 0: paddr=00010020 vaddr=3c060020 size=374cch (226508) map[0m
[0;32mI (139) esp_image: segment 1: paddr=000474f4 vaddr=3fc95f00 size=032d0h ( 13008) load[0m
[0;32mI (142) esp_image: segment 2: paddr=0004a7cc vaddr=40374000 size=0584ch ( 22604) load[0m
[0;32mI (149) esp_image: segment 3: paddr=00050020 vaddr=42000020 size=54aa8h (346792) map[0m
[0;32mI (206) esp_image: segment 4: paddr=000a4ad0 vaddr=4037984c size=0c5e8h ( 50664) load[0m
[0;32mI (216) esp_image: segment 5: paddr=000b10c0 vaddr=600fe100 size=00004h (     4) load[0m
[0;32mI (223) boot: Loaded app from partition at offset 0x10000[0m
[0;32mI (224) boot: Disabling RNG early entropy source...[0m
[0;32mI (236) octal_psram: ECC is enabled[0m
[0;32mI (237) octal_psram: vendor id    : 0x0d (AP)[0m
[0;32mI (237) octal_psram: dev id       : 0x02 (generation 3)[0m
[0;32mI (240) octal_psram: density      : 0x03 (64 Mbit)[0m
[0;32mI (246) octal_psram: good-die     : 0x01 (Pass)[0m
[0;32mI (251) octal_psram: Latency      : 0x01 (Fixed)[0m
[0;32mI (256) octal_psram: VCC          : 0x01 (3V)[0m
[0;32mI (261) octal_psram: SRF          : 0x01 (Fast Refresh)[0m
[0;32mI (267) octal_psram: BurstType    : 0x00 ( Wrap)[0m
[0;32mI (272) octal_psram: BurstLen     : 0x03 (1024 Byte)[0m
[0;32mI (278) octal_psram: Readlatency  : 0x02 (10 cycles@Fixed)[0m
[0;32mI (284) octal_psram: DriveStrength: 0x00 (1/1)[0m
[0;32mI (290) MSPI Timing: PSRAM timing tuning index: 5[0m
[0;32mI (295) esp_psram: Found 8MB PSRAM device[0m
[0;32mI (299) esp_psram: Speed: 80MHz[0m
[0;32mI (323) mmu_psram: Read only data copied and mapped to SPIRAM[0m
[0;32mI (355) mmu_psram: Instructions copied and mapped to SPIRAM[0m
[0;32mI (355) cpu_start: Multicore app[0m
[0;32mI (741) esp_psram: SPI SRAM memory test OK[0m
[0;32mI (750) cpu_start: Pro cpu start user code[0m
[0;32mI (750) cpu_start: cpu freq: 240000000 Hz[0m
[0;32mI (750) app_init: Application information:[0m
[0;32mI (753) app_init: Project name:     esp_idf_v5.0_tembed[0m
[0;32mI (758) app_init: App version:      01a3a70-dirty[0m
[0;32mI (764) app_init: Compile time:     Oct 14 2024 18:51:21[0m
[0;32mI (770) app_init: ELF file SHA256:  e72d0cbb49b8a811...[0m
[0;32mI (776) app_init: ESP-IDF:          v5.3.1-dirty[0m
[0;32mI (781) efuse_init: Min chip rev:     v0.0[0m
[0;32mI (786) efuse_init: Max chip rev:     v0.99 [0m
[0;32mI (791) efuse_init: Chip rev:         v0.1[0m
[0;32mI (796) heap_init: Initializing. RAM available for dynamic allocation:[0m
[0;32mI (803) heap_init: At 3FCA21F8 len 00047518 (285 KiB): RAM[0m
[0;32mI (809) heap_init: At 3FCE9710 len 00005724 (21 KiB): RAM[0m
[0;32mI (815) heap_init: At 3FCF0000 len 00008000 (32 KiB): DRAM[0m
[0;32mI (821) heap_init: At 600FE104 len 00001EE4 (7 KiB): RTCRAM[0m
[0;32mI (827) esp_psram: Adding pool of 7040K of PSRAM memory to heap allocator[0m
[0;32mI (835) spi_flash: detected chip: gd[0m
[0;32mI (839) spi_flash: flash io: qio[0m
[0;32mI (843) sleep: Configure to isolate all GPIO pins in sleep state[0m
[0;32mI (850) sleep: Enable automatic switching of GPIO sleep configuration[0m
[0;32mI (857) main_task: Started on CPU0[0m
[0;32mI (867) esp_psram: Reserving pool of 32K of internal memory for DMA/internal allocations[0m
[0;32mI (867) main_task: Calling app_main()[0m
[0;32mI (877) tembed: Hello lcd![0m
This is esp32s3 chip with 2 CPU core(s), WiFi/BLE, silicon revision v0.1, 16MB external flash
Minimum free heap size: 7505964 bytes
[0;32mI (887) gpio: GPIO[46]| InputEn: 0| OutputEn: 1| OpenDrain: 0| Pullup: 0| Pulldown: 0| Intr:0 [0m
[0;32mI (897) APA102: Init clk:45 data:42[0m
[0;32mI (907) gpio: GPIO[42]| InputEn: 0| OutputEn: 1| OpenDrain: 0| Pullup: 0| Pulldown: 0| Intr:0 [0m
[0;32mI (907) gpio: GPIO[45]| InputEn: 0| OutputEn: 1| OpenDrain: 0| Pullup: 0| Pulldown: 0| Intr:0 [0m
[0;32mI (917) lcd: Backlight off[0m
[0;32mI (927) gpio: GPIO[15]| InputEn: 0| OutputEn: 1| OpenDrain: 0| Pullup: 0| Pulldown: 0| Intr:0 [0m
[0;32mI (937) lcd: Init SPI bus[0m
[0;32mI (937) lcd: Init panel io[0m
[0;32mI (937) gpio: GPIO[13]| InputEn: 0| OutputEn: 1| OpenDrain: 0| Pullup: 0| Pulldown: 0| Intr:0 [0m
[0;32mI (947) lcd: Attach panel[0m
[0;32mI (957) gpio: GPIO[9]| InputEn: 0| OutputEn: 1| OpenDrain: 0| Pullup: 0| Pulldown: 0| Intr:0 [0m
[0;32mI (967) lcd: Init lcd[0m
[0;32mI (2087) lcd: Enable lcd[0m
[0;32mI (2087) lcd: Backlight on[0m
[0;32mI (2087) gpio: GPIO[0]| InputEn: 1| OutputEn: 0| OpenDrain: 0| Pullup: 1| Pulldown: 0| Intr:0 [0m
[0;32mI (2087) gpio: GPIO[2]| InputEn: 1| OutputEn: 0| OpenDrain: 0| Pullup: 1| Pulldown: 0| Intr:3 [0m
[0;32mI (2097) gpio: GPIO[1]| InputEn: 1| OutputEn: 0| OpenDrain: 0| Pullup: 1| Pulldown: 0| Intr:3 [0m
[0;32mI (2107) Knob: Iot Knob Config Succeed, encoder A:2, encoder B:1, direction:0, Version: 0.1.0[0m
[0;32mI (2117) lvgl: Init[0m
[0;32mI (2117) lvgl: Register display[0m
[0;32mI (2127) lvgl: Tick timer[0m
[0;32mI (2127) tembed: Display LVGL[0m
Guru Meditation Error: Core  0 panic'ed (LoadProhibited). Exception was unhandled.

Core  0 register dump:
PC      : 0x4204e877  PS      : 0x00060f30  A0      : 0x8200cf13  A1      : 0x3fca5bf0  
A2      : 0x00000000  A3      : 0x00000000  A4      : 0x00000055  A5      : 0x00000000  
A6      : 0x00000000  A7      : 0x00000000  A8      : 0x00000001  A9      : 0x3fca5be0  
A10     : 0x3fc9b300  A11     : 0x00000001  A12     : 0x00000000  A13     : 0x00000001  
A14     : 0xfff10000  A15     : 0x3fc991fc  SAR     : 0x0000001b  EXCCAUSE: 0x0000001c  
EXCVADDR: 0x00000008  LBEG    : 0x42010939  LEND    : 0x42010940  LCOUNT  : 0x00000001  


Backtrace: 0x4204e874:0x3fca5bf0 0x4200cf10:0x3fca5c10 0x42018b00:0x3fca5c40 0x4200a133:0x3fca5c90 0x4200a328:0x3fca5cd0 0x4200a486:0x3fca5cf0 0x42053efb:0x3fca5d30




ELF file SHA256: e72d0cbb49b8a811

Rebooting...
ESP-ROM:esp32s3-20210327
Build:Mar 27 2021
rst:0xc (RTC_SW_CPU_RST),boot:0x8 (SPI_FAST_FLASH_BOOT)
Saved PC:0x40375e3c
SPIWP:0xee
mode:DIO, clock div:1
load:0x3fce2820,len:0x1918
load:0x403c8700,len:0x4
load:0x403c8704,len:0xe5c
load:0x403cb700,len:0x303c
entry 0x403c893c
[0;32mI (26) boot: ESP-IDF v5.3.1-dirty 2nd stage bootloader[0m
[0;32mI (26) boot: compile time Oct 14 2024 10:29:00[0m
[0;32mI (26) boot: Multicore bootloader[0m
[0;32mI (30) boot: chip revision: v0.1[0m
[0;32mI (34) qio_mode: Enabling default flash chip QIO[0m
[0;32mI (39) boot.esp32s3: Boot SPI Speed : 80MHz[0m
[0;32mI (44) boot.esp32s3: SPI Mode       : QIO[0m
[0;32mI (48) boot.esp32s3: SPI Flash Size : 16MB[0m
[0;32mI (53) boot: Enabling RNG early entropy source...[0m
[0;32mI (59) boot: Partition Table:[0m
[0;32mI (62) boot: ## Label            Usage          Type ST Offset   Length[0m
[0;32mI (69) boot:  0 nvs              WiFi data        01 02 00009000 00006000[0m
[0;32mI (77) boot:  1 phy_init         RF data          01 01 0000f000 00001000[0m
[0;32mI (84) boot:  2 factory          factory app      00 00 00010000 00177000[0m
[0;32mI (92) boot: End of partition table[0m
[0;32mI (96) esp_image: segment 0: paddr=00010020 vaddr=3c060020 size=374cch (226508) map[0m
[0;32mI (139) esp_image: segment 1: paddr=000474f4 vaddr=3fc95f00 size=032d0h ( 13008) load[0m
[0;32mI (142) esp_image: segment 2: paddr=0004a7cc vaddr=40374000 size=0584ch ( 22604) load[0m
[0;32mI (149) esp_image: segment 3: paddr=00050020 vaddr=42000020 size=54aa8h (346792) map[0m
[0;32mI (206) esp_image: segment 4: paddr=000a4ad0 vaddr=4037984c size=0c5e8h ( 50664) load[0m
[0;32mI (216) esp_image: segment 5: paddr=000b10c0 vaddr=600fe100 size=00004h (     4) load[0m
[0;32mI (223) boot: Loaded app from partition at offset 0x10000[0m
[0;32mI (224) boot: Disabling RNG early entropy source...[0m
[0;32mI (236) octal_psram: ECC is enabled[0m
[0;32mI (237) octal_psram: vendor id    : 0x0d (AP)[0m
[0;32mI (237) octal_psram: dev id       : 0x02 (generation 3)[0m
[0;32mI (240) octal_psram: density      : 0x03 (64 Mbit)[0m
[0;32mI (246) octal_psram: good-die     : 0x01 (Pass)[0m
[0;32mI (251) octal_psram: Latency      : 0x01 (Fixed)[0m
[0;32mI (256) octal_psram: VCC          : 0x01 (3V)[0m
[0;32mI (261) octal_psram: SRF          : 0x01 (Fast Refresh)[0m
[0;32mI (267) octal_psram: BurstType    : 0x00 ( Wrap)[0m
[0;32mI (272) octal_psram: BurstLen     : 0x03 (1024 Byte)[0m
[0;32mI (278) octal_psram: Readlatency  : 0x02 (10 cycles@Fixed)[0m
[0;32mI (284) octal_psram: DriveStrength: 0x00 (1/1)[0m
[0;32mI (290) MSPI Timing: PSRAM timing tuning index: 5[0m
[0;32mI (295) esp_psram: Found 8MB PSRAM device[0m
[0;32mI (299) esp_psram: Speed: 80MHz[0m
[0;32mI (323) mmu_psram: Read only data copied and mapped to SPIRAM[0m
[0;32mI (355) mmu_psram: Instructions copied and mapped to SPIRAM[0m
[0;32mI (355) cpu_start: Multicore app[0m
[0;32mI (741) esp_psram: SPI SRAM memory test OK[0m
[0;32mI (750) cpu_start: Pro cpu start user code[0m
[0;32mI (750) cpu_start: cpu freq: 240000000 Hz[0m
[0;32mI (750) app_init: Application information:[0m
[0;32mI (753) app_init: Project name:     esp_idf_v5.0_tembed[0m
[0;32mI (758) app_init: App version:      01a3a70-dirty[0m
[0;32mI (764) app_init: Compile time:     Oct 14 2024 18:51:21[0m
[0;32mI (770) app_init: ELF file SHA256:  e72d0cbb49b8a811...[0m
[0;32mI (776) app_init: ESP-IDF:          v5.3.1-dirty[0m
[0;32mI (781) efuse_init: Min chip rev:     v0.0[0m
[0;32mI (786) efuse_init: Max chip rev:     v0.99 [0m
[0;32mI (791) efuse_init: Chip rev:         v0.1[0m
[0;32mI (796) heap_init: Initializing. RAM available for dynamic allocation:[0m
[0;32mI (803) heap_init: At 3FCA21F8 len 00047518 (285 KiB): RAM[0m
[0;32mI (809) heap_init: At 3FCE9710 len 00005724 (21 KiB): RAM[0m
[0;32mI (815) heap_init: At 3FCF0000 len 00008000 (32 KiB): DRAM[0m
[0;32mI (821) heap_init: At 600FE104 len 00001EE4 (7 KiB): RTCRAM[0m
[0;32mI (827) esp_psram: Adding pool of 7040K of PSRAM memory to heap allocator[0m
[0;32mI (835) spi_flash: detected chip: gd[0m
[0;32mI (839) spi_flash: flash io: qio[0m
[0;32mI (843) sleep: Configure to isolate all GPIO pins in sleep state[0m
[0;32mI (850) sleep: Enable automatic switching of GPIO sleep configuration[0m
[0;32mI (857) main_task: Started on CPU0[0m
[0;32mI (867) esp_psram: Reserving pool of 32K of internal memory for DMA/internal allocations[0m
[0;32mI (867) main_task: Calling app_main()[0m
[0;32mI (877) tembed: Hello lcd![0m
This is esp32s3 chip with 2 CPU core(s), WiFi/BLE, silicon revision v0.1, 16MB external flash
Minimum free heap size: 7505964 bytes
[0;32mI (887) gpio: GPIO[46]| InputEn: 0| OutputEn: 1| OpenDrain: 0| Pullup: 0| Pulldown: 0| Intr:0 [0m
[0;32mI (897) APA102: Init clk:45 data:42[0m
[0;32mI (907) gpio: GPIO[42]| InputEn: 0| OutputEn: 1| OpenDrain: 0| Pullup: 0| Pulldown: 0| Intr:0 [0m
[0;32mI (907) gpio: GPIO[45]| InputEn: 0| OutputEn: 1| OpenDrain: 0| Pullup: 0| Pulldown: 0| Intr:0 [0m
[0;32mI (917) lcd: Backlight off[0m
[0;32mI (927) gpio: GPIO[15]| InputEn: 0| OutputEn: 1| OpenDrain: 0| Pullup: 0| Pulldown: 0| Intr:0 [0m
[0;32mI (937) lcd: Init SPI bus[0m
[0;32mI (937) lcd: Init panel io[0m
[0;32mI (937) gpio: GPIO[13]| InputEn: 0| OutputEn: 1| OpenDrain: 0| Pullup: 0| Pulldown: 0| Intr:0 [0m
[0;32mI (947) lcd: Attach panel[0m
[0;32mI (957) gpio: GPIO[9]| InputEn: 0| OutputEn: 1| OpenDrain: 0| Pullup: 0| Pulldown: 0| Intr:0 [0m
[0;32mI (967) lcd: Init lcd[0m
[0;32mI (2087) lcd: Enable lcd[0m
[0;32mI (2087) lcd: Backlight on[0m
[0;32mI (2087) gpio: GPIO[0]| InputEn: 1| OutputEn: 0| OpenDrain: 0| Pullup: 1| Pulldown: 0| Intr:0 [0m
[0;32mI (2087) gpio: GPIO[2]| InputEn: 1| OutputEn: 0| OpenDrain: 0| Pullup: 1| Pulldown: 0| Intr:3 [0m
[0;32mI (2097) gpio: GPIO[1]| InputEn: 1| OutputEn: 0| OpenDrain: 0| Pullup: 1| Pulldown: 0| Intr:3 [0m
[0;32mI (2107) Knob: Iot Knob Config Succeed, encoder A:2, encoder B:1, direction:0, Version: 0.1.0[0m
[0;32mI (2117) lvgl: Init[0m
[0;32mI (2117) lvgl: Register display[0m
[0;32mI (2127) lvgl: Tick timer[0m
[0;32mI (2127) tembed: Display LVGL[0m
Guru Meditation Error: Core  0 panic'ed (LoadProhibited). Exception was unhandled.

Core  0 register dump:
PC      : 0x4204e877  PS      : 0x00060f30  A0      : 0x8200cf13  A1      : 0x3fca5bf0  
A2      : 0x00000000  A3      : 0x00000000  A4      : 0x00000055  A5      : 0x00000000  
A6      : 0x00000000  A7      : 0x00000000  A8      : 0x00000001  A9      : 0x3fca5be0  
A10     : 0x3fc9b300  A11     : 0x00000001  A12     : 0x00000000  A13     : 0x00000001  
A14     : 0xfff10000  A15     : 0x3fc991fc  SAR     : 0x0000001b  EXCCAUSE: 0x0000001c  
EXCVADDR: 0x00000008  LBEG    : 0x42010939  LEND    : 0x42010940  LCOUNT  : 0x00000001  


Backtrace: 0x4204e874:0x3fca5bf0 0x4200cf10:0x3fca5c10 0x42018b00:0x3fca5c40 0x4200a133:0x3fca5c90 0x4200a328:0x3fca5cd0 0x4200a486:0x3fca5cf0 0x42053efb:0x3fca5d30




ELF file SHA256: e72d0cbb49b8a811

Rebooting...
ESP-ROM:esp32s3-20210327
Build:Mar 27 2021
rst:0xc (RTC_SW_CPU_RST),boot:0x8 (SPI_FAST_FLASH_BOOT)
Saved PC:0x40375e3c
SPIWP:0xee
mode:DIO, clock div:1
load:0x3fce2820,len:0x1918
load:0x403c8700,len:0x4
load:0x403c8704,len:0xe5c
load:0x403cb700,len:0x303c
entry 0x403c893c
[0;32mI (26) boot: ESP-IDF v5.3.1-dirty 2nd stage bootloader[0m
[0;32mI (26) boot: compile time Oct 14 2024 10:29:00[0m
[0;32mI (26) boot: Multicore bootloader[0m
[0;32mI (30) boot: chip revision: v0.1[0m
[0;32mI (34) qio_mode: Enabling default flash chip QIO[0m
[0;32mI (39) boot.esp32s3: Boot SPI Speed : 80MHz[0m
[0;32mI (44) boot.esp32s3: SPI Mode       : QIO[0m
[0;32mI (48) boot.esp32s3: SPI Flash Size : 16MB[0m
[0;32mI (53) boot: Enabling RNG early entropy source...[0m
[0;32mI (59) boot: Partition Table:[0m
[0;32mI (62) boot: ## Label            Usage          Type ST Offset   Length[0m
[0;32mI (69) boot:  0 nvs              WiFi data        01 02 00009000 00006000[0m
[0;32mI (77) boot:  1 phy_init         RF data          01 01 0000f000 00001000[0m
[0;32mI (84) boot:  2 factory          factory app      00 00 00010000 00177000[0m
[0;32mI (92) boot: End of partition table[0m
[0;32mI (96) esp_image: segment 0: paddr=00010020 vaddr=3c060020 size=374cch (226508) map[0m
[0;32mI (139) esp_image: segment 1: paddr=000474f4 vaddr=3fc95f00 size=032d0h ( 13008) load[0m
[0;32mI (142) esp_image: segment 2: paddr=0004a7cc vaddr=40374000 size=0584ch ( 22604) load[0m
[0;32mI (149) esp_image: segment 3: paddr=00050020 vaddr=42000020 size=54aa8h (346792) map[0m
[0;32mI (206) esp_image: segment 4: paddr=000a4ad0 vaddr=4037984c size=0c5e8h ( 50664) load[0m
[0;32mI (216) esp_image: segment 5: paddr=000b10c0 vaddr=600fe100 size=00004h (     4) load[0m
[0;32mI (223) boot: Loaded app from partition at offset 0x10000[0m
[0;32mI (224) boot: Disabling RNG early entropy source...[0m
[0;32mI (236) octal_psram: ECC is enabled[0m
[0;32mI (237) octal_psram: vendor id    : 0x0d (AP)[0m
[0;32mI (237) octal_psram: dev id       : 0x02 (generation 3)[0m
[0;32mI (240) octal_psram: density      : 0x03 (64 Mbit)[0m
[0;32mI (246) octal_psram: good-die     : 0x01 (Pass)[0m
[0;32mI (251) octal_psram: Latency      : 0x01 (Fixed)[0m
[0;32mI (256) octal_psram: VCC          : 0x01 (3V)[0m
[0;32mI (261) octal_psram: SRF          : 0x01 (Fast Refresh)[0m
[0;32mI (267) octal_psram: BurstType    : 0x00 ( Wrap)[0m
[0;32mI (272) octal_psram: BurstLen     : 0x03 (1024 Byte)[0m
[0;32mI (278) octal_psram: Readlatency  : 0x02 (10 cycles@Fixed)[0m
[0;32mI (284) octal_psram: DriveStrength: 0x00 (1/1)[0m
[0;32mI (290) MSPI Timing: PSRAM timing tuning index: 5[0m
[0;32mI (295) esp_psram: Found 8MB PSRAM device[0m
[0;32mI (299) esp_psram: Speed: 80MHz[0m
[0;32mI (323) mmu_psram: Read only data copied and mapped to SPIRAM[0m
[0;32mI (355) mmu_psram: Instructions copied and mapped to SPIRAM[0m
[0;32mI (355) cpu_start: Multicore app[0m
[0;32mI (741) esp_psram: SPI SRAM memory test OK[0m
[0;32mI (750) cpu_start: Pro cpu start user code[0m
[0;32mI (750) cpu_start: cpu freq: 240000000 Hz[0m
[0;32mI (750) app_init: Application information:[0m
[0;32mI (753) app_init: Project name:     esp_idf_v5.0_tembed[0m
[0;32mI (758) app_init: App version:      01a3a70-dirty[0m
[0;32mI (764) app_init: Compile time:     Oct 14 2024 18:51:21[0m
[0;32mI (770) app_init: ELF file SHA256:  e72d0cbb49b8a811...[0m
[0;32mI (776) app_init: ESP-IDF:          v5.3.1-dirty[0m
[0;32mI (781) efuse_init: Min chip rev:     v0.0[0m
[0;32mI (786) efuse_init: Max chip rev:     v0.99 [0m
[0;32mI (791) efuse_init: Chip rev:         v0.1[0m
[0;32mI (796) heap_init: Initializing. RAM available for dynamic allocation:[0m
[0;32mI (803) heap_init: At 3FCA21F8 len 00047518 (285 KiB): RAM[0m
[0;32mI (809) heap_init: At 3FCE9710 len 00005724 (21 KiB): RAM[0m
[0;32mI (815) heap_init: At 3FCF0000 len 00008000 (32 KiB): DRAM[0m
[0;32mI (821) heap_init: At 600FE104 len 00001EE4 (7 KiB): RTCRAM[0m
[0;32mI (827) esp_psram: Adding pool of 7040K of PSRAM memory to heap allocator[0m
[0;32mI (835) spi_flash: detected chip: gd[0m
[0;32mI (839) spi_flash: flash io: qio[0m
[0;32mI (843) sleep: Configure to isolate all GPIO pins in sleep state[0m
[0;32mI (850) sleep: Enable automatic switching of GPIO sleep configuration[0m
[0;32mI (857) main_task: Started on CPU0[0m
[0;32mI (867) esp_psram: Reserving pool of 32K of internal memory for DMA/internal allocations[0m
[0;32mI (867) main_task: Calling app_main()[0m
[0;32mI (877) tembed: Hello lcd![0m
This is esp32s3 chip with 2 CPU core(s), WiFi/BLE, silicon revision v0.1, 16MB external flash
Minimum free heap size: 7505964 bytes
[0;32mI (887) gpio: GPIO[46]| InputEn: 0| OutputEn: 1| OpenDrain: 0| Pullup: 0| Pulldown: 0| Intr:0 [0m
[0;32mI (897) APA102: Init clk:45 data:42[0m
[0;32mI (907) gpio: GPIO[42]| InputEn: 0| OutputEn: 1| OpenDrain: 0| Pullup: 0| Pulldown: 0| Intr:0 [0m
[0;32mI (907) gpio: GPIO[45]| InputEn: 0| OutputEn: 1| OpenDrain: 0| Pullup: 0| Pulldown: 0| Intr:0 [0m
[0;32mI (917) lcd: Backlight off[0m
[0;32mI (927) gpio: GPIO[15]| InputEn: 0| OutputEn: 1| OpenDrain: 0| Pullup: 0| Pulldown: 0| Intr:0 [0m
[0;32mI (937) lcd: Init SPI bus[0m
[0;32mI (937) lcd: Init panel io[0m
[0;32mI (937) gpio: GPIO[13]| InputEn: 0| OutputEn: 1| OpenDrain: 0| Pullup: 0| Pulldown: 0| Intr:0 [0m
[0;32mI (947) lcd: Attach panel[0m
[0;32mI (957) gpio: GPIO[9]| InputEn: 0| OutputEn: 1| OpenDrain: 0| Pullup: 0| Pulldown: 0| Intr:0 [0m
[0;32mI (967) lcd: Init lcd[0m
[0;32mI (2087) lcd: Enable lcd[0m
[0;32mI (2087) lcd: Backlight on[0m
[0;32mI (2087) gpio: GPIO[0]| InputEn: 1| OutputEn: 0| OpenDrain: 0| Pullup: 1| Pulldown: 0| Intr:0 [0m
[0;32mI (2087) gpio: GPIO[2]| InputEn: 1| OutputEn: 0| OpenDrain: 0| Pullup: 1| Pulldown: 0| Intr:3 [0m
[0;32mI (2097) gpio: GPIO[1]| InputEn: 1| OutputEn: 0| OpenDrain: 0| Pullup: 1| Pulldown: 0| Intr:3 [0m
[0;32mI (2107) Knob: Iot Knob Config Succeed, encoder A:2, encoder B:1, direction:0, Version: 0.1.0[0m
[0;32mI (2117) lvgl: Init[0m
[0;32mI (2117) lvgl: Register display[0m
[0;32mI (2127) lvgl: Tick timer[0m
[0;32mI (2127) tembed: Display LVGL[0m
Guru Meditation Error: Core  0 panic'ed (LoadProhibited). Exception was unhandled.

Core  0 register dump:
PC      : 0x4204e877  PS      : 0x00060f30  A0      : 0x8200cf13  A1      : 0x3fca5bf0  
A2      : 0x00000000  A3      : 0x00000000  A4      : 0x00000055  A5      : 0x00000000  
A6      : 0x00000000  A7      : 0x00000000  A8      : 0x00000001  A9      : 0x3fca5be0  
A10     : 0x3fc9b300  A11     : 0x00000001  A12     : 0x00000000  A13     : 0x00000001  
A14     : 0xfff10000  A15     : 0x3fc991fc  SAR     : 0x0000001b  EXCCAUSE: 0x0000001c  
EXCVADDR: 0x00000008  LBEG    : 0x42010939  LEND    : 0x42010940  LCOUNT  : 0x00000001  


Backtrace: 0x4204e874:0x3fca5bf0 0x4200cf10:0x3fca5c10 0x42018b00:0x3fca5c40 0x4200a133:0x3fca5c90 0x4200a328:0x3fca5cd0 0x4200a486:0x3fca5cf0 0x42053efb:0x3fca5d30




ELF file SHA256: e72d0cbb49b8a811

Rebooting...
ESP-ROM:esp32s3-20210327
Build:Mar 27 2021
rst:0xc (RTC_SW_CPU_RST),boot:0x8 (SPI_FAST_FLASH_BOOT)
Saved PC:0x40375e3c
SPIWP:0xee
mode:DIO, clock div:1
load:0x3fce2820,len:0x1918
load:0x403c8700,len:0x4
load:0x403c8704,len:0xe5c
load:0x403cb700,len:0x303c
entry 0x403c893c
[0;32mI (26) boot: ESP-IDF v5.3.1-dirty 2nd stage bootloader[0m
[0;32mI (26) boot: compile time Oct 14 2024 10:29:00[0m
[0;32mI (26) boot: Multicore bootloader[0m
[0;32mI (30) boot: chip revision: v0.1[0m
[0;32mI (34) qio_mode: Enabling default flash chip QIO[0m
[0;32mI (39) boot.esp32s3: Boot SPI Speed : 80MHz[0m
[0;32mI (44) boot.esp32s3: SPI Mode       : QIO[0m
[0;32mI (48) boot.esp32s3: SPI Flash Size : 16MB[0m
[0;32mI (53) boot: Enabling RNG early entropy source...[0m
[0;32mI (59) boot: Partition Table:[0m
[0;32mI (62) boot: ## Label            Usage          Type ST Offset   Length[0m
[0;32mI (69) boot:  0 nvs              WiFi data        01 02 00009000 00006000[0m
[0;32mI (77) boot:  1 phy_init         RF data          01 01 0000f000 00001000[0m
[0;32mI (84) boot:  2 factory          factory app      00 00 00010000 00177000[0m
[0;32mI (92) boot: End of partition table[0m
[0;32mI (96) esp_image: segment 0: paddr=00010020 vaddr=3c060020 size=374cch (226508) map[0m
[0;32mI (139) esp_image: segment 1: paddr=000474f4 vaddr=3fc95f00 size=032d0h ( 13008) load[0m
[0;32mI (142) esp_image: segment 2: paddr=0004a7cc vaddr=40374000 size=0584ch ( 22604) load[0m
[0;32mI (149) esp_image: segment 3: paddr=00050020 vaddr=42000020 size=54aa8h (346792) map[0m
[0;32mI (206) esp_image: segment 4: paddr=000a4ad0 vaddr=4037984c size=0c5e8h ( 50664) load[0m
[0;32mI (216) esp_image: segment 5: paddr=000b10c0 vaddr=600fe100 size=00004h (     4) load[0m
[0;32mI (223) boot: Loaded app from partition at offset 0x10000[0m
[0;32mI (224) boot: Disabling RNG early entropy source...[0m
[0;32mI (236) octal_psram: ECC is enabled[0m
[0;32mI (237) octal_psram: vendor id    : 0x0d (AP)[0m
[0;32mI (237) octal_psram: dev id       : 0x02 (generation 3)[0m
[0;32mI (240) octal_psram: density      : 0x03 (64 Mbit)[0m
[0;32mI (246) octal_psram: good-die     : 0x01 (Pass)[0m
[0;32mI (251) octal_psram: Latency      : 0x01 (Fixed)[0m
[0;32mI (256) octal_psram: VCC          : 0x01 (3V)[0m
[0;32mI (261) octal_psram: SRF          : 0x01 (Fast Refresh)[0m
[0;32mI (267) octal_psram: BurstType    : 0x00 ( Wrap)[0m
[0;32mI (272) octal_psram: BurstLen     : 0x03 (1024 Byte)[0m
[0;32mI (278) octal_psram: Readlatency  : 0x02 (10 cycles@Fixed)[0m
[0;32mI (284) octal_psram: DriveStrength: 0x00 (1/1)[0m
[0;32mI (290) MSPI Timing: PSRAM timing tuning index: 5[0m
[0;32mI (295) esp_psram: Found 8MB PSRAM device[0m
[0;32mI (299) esp_psram: Speed: 80MHz[0m
[0;32mI (323) mmu_psram: Read only data copied and mapped to SPIRAM[0m
[0;32mI (355) mmu_psram: Instructions copied and mapped to SPIRAM[0m
[0;32mI (355) cpu_start: Multicore app[0m
[0;32mI (741) esp_psram: SPI SRAM memory test OK[0m
[0;32mI (750) cpu_start: Pro cpu start user code[0m
[0;32mI (750) cpu_start: cpu freq: 240000000 Hz[0m
[0;32mI (750) app_init: Application information:[0m
[0;32mI (753) app_init: Project name:     esp_idf_v5.0_tembed[0m
[0;32mI (758) app_init: App version:      01a3a70-dirty[0m
[0;32mI (764) app_init: Compile time:     Oct 14 2024 18:51:21[0m
[0;32mI (770) app_init: ELF file SHA256:  e72d0cbb49b8a811...[0m
[0;32mI (776) app_init: ESP-IDF:          v5.3.1-dirty[0m
[0;32mI (781) efuse_init: Min chip rev:     v0.0[0m
[0;32mI (786) efuse_init: Max chip rev:     v0.99 [0m
[0;32mI (791) efuse_init: Chip rev:         v0.1[0m
[0;32mI (796) heap_init: Initializing. RAM available for dynamic allocation:[0m
[0;32mI (803) heap_init: At 3FCA21F8 len 00047518 (285 KiB): RAM[0m
[0;32mI (809) heap_init: At 3FCE9710 len 00005724 (21 KiB): RAM[0m
[0;32mI (815) heap_init: At 3FCF0000 len 00008000 (32 KiB): DRAM[0m
[0;32mI (821) heap_init: At 600FE104 len 00001EE4 (7 KiB): RTCRAM[0m
[0;32mI (827) esp_psram: Adding pool of 7040K of PSRAM memory to heap allocator[0m
[0;32mI (835) spi_flash: detected chip: gd[0m
[0;32mI (839) spi_flash: flash io: qio[0m
[0;32mI (843) sleep: Configure to isolate all GPIO pins in sleep state[0m
[0;32mI (850) sleep: Enable automatic switching of GPIO sleep configuration[0m
[0;32mI (857) main_task: Started on CPU0[0m
[0;32mI (867) esp_psram: Reserving pool of 32K of internal memory for DMA/internal allocations[0m
[0;32mI (867) main_task: Calling app_main()[0m
[0;32mI (877) tembed: Hello lcd![0m
This is esp32s3 chip with 2 CPU core(s), WiFi/BLE, silicon revision v0.1, 16MB external flash
Minimum free heap size: 7505964 bytes
[0;32mI (887) gpio: GPIO[46]| InputEn: 0| OutputEn: 1| OpenDrain: 0| Pullup: 0| Pulldown: 0| Intr:0 [0m
[0;32mI (897) APA102: Init clk:45 data:42[0m
[0;32mI (907) gpio: GPIO[42]| InputEn: 0| OutputEn: 1| OpenDrain: 0| Pullup: 0| Pulldown: 0| Intr:0 [0m
[0;32mI (907) gpio: GPIO[45]| InputEn: 0| OutputEn: 1| OpenDrain: 0| Pullup: 0| Pulldown: 0| Intr:0 [0m
[0;32mI (917) lcd: Backlight off[0m
[0;32mI (927) gpio: GPIO[15]| InputEn: 0| OutputEn: 1| OpenDrain: 0| Pullup: 0| Pulldown: 0| Intr:0 [0m
[0;32mI (937) lcd: Init SPI bus[0m
[0;32mI (937) lcd: Init panel io[0m
[0;32mI (937) gpio: GPIO[13]| InputEn: 0| OutputEn: 1| OpenDrain: 0| Pullup: 0| Pulldown: 0| Intr:0 [0m
[0;32mI (947) lcd: Attach panel[0m
[0;32mI (957) gpio: GPIO[9]| InputEn: 0| OutputEn: 1| OpenDrain: 0| Pullup: 0| Pulldown: 0| Intr:0 [0m
[0;32mI (967) lcd: Init lcd[0m
[0;32mI (2087) lcd: Enable lcd[0m
[0;32mI (2087) lcd: Backlight on[0m
[0;32mI (2087) gpio: GPIO[0]| InputEn: 1| OutputEn: 0| OpenDrain: 0| Pullup: 1| Pulldown: 0| Intr:0 [0m
[0;32mI (2087) gpio: GPIO[2]| InputEn: 1| OutputEn: 0| OpenDrain: 0| Pullup: 1| Pulldown: 0| Intr:3 [0m
[0;32mI (2097) gpio: GPIO[1]| InputEn: 1| OutputEn: 0| OpenDrain: 0| Pullup: 1| Pulldown: 0| Intr:3 [0m
[0;32mI (2107) Knob: Iot Knob Config Succeed, encoder A:2, encoder B:1, direction:0, Version: 0.1.0[0m
[0;32mI (2117) lvgl: Init[0m
[0;32mI (2117) lvgl: Register display[0m
[0;32mI (2127) lvgl: Tick timer[0m
[0;32mI (2127) tembed: Display LVGL[0m
Guru Meditation Error: Core  0 panic'ed (LoadProhibited). Exception was unhandled.

Core  0 register dump:
PC      : 0x4204e877  PS      : 0x00060f30  A0      : 0x8200cf13  A1      : 0x3fca5bf0  
A2      : 0x00000000  A3      : 0x00000000  A4      : 0x00000055  A5      : 0x00000000  
A6      : 0x00000000  A7      : 0x00000000  A8      : 0x00000001  A9      : 0x3fca5be0  
A10     : 0x3fc9b300  A11     : 0x00000001  A12     : 0x00000000  A13     : 0x00000001  
A14     : 0xfff10000  A15     : 0x3fc991fc  SAR     : 0x0000001b  EXCCAUSE: 0x0000001c  
EXCVADDR: 0x00000008  LBEG    : 0x42010939  LEND    : 0x42010940  LCOUNT  : 0x00000001  


Backtrace: 0x4204e874:0x3fca5bf0 0x4200cf10:0x3fca5c10 0x42018b00:0x3fca5c40 0x4200a133:0x3fca5c90 0x4200a328:0x3fca5cd0 0x4200a486:0x3fca5cf0 0x42053efb:0x3fca5d30




ELF file SHA256: e72d0cbb49b8a811

Rebooting...
ESP-ROM:esp32s3-20210327
Build:Mar 27 2021
rst:0xc (RTC_SW_CPU_RST),boot:0x8 (SPI_FAST_FLASH_BOOT)
Saved PC:0x40375e3c
SPIWP:0xee
mode:DIO, clock div:1
load:0x3fce2820,len:0x1918
load:0x403c8700,len:0x4
load:0x403c8704,len:0xe5c
load:0x403cb700,len:0x303c
entry 0x403c893c
[0;32mI (26) boot: ESP-IDF v5.3.1-dirty 2nd stage bootloader[0m
[0;32mI (26) boot: compile time Oct 14 2024 10:29:00[0m
[0;32mI (27) boot: Multicore bootloader[0m
[0;32mI (30) boot: chip revision: v0.1[0m
[0;32mI (34) qio_mode: Enabling default flash chip QIO[0m
[0;32mI (39) boot.esp32s3: Boot SPI Speed : 80MHz[0m
[0;32mI (44) boot.esp32s3: SPI Mode       : QIO[0m
[0;32mI (48) boot.esp32s3: SPI Flash Size : 16MB[0m
[0;32mI (53) boot: Enabling RNG early entropy source...[0m
[0;32mI (59) boot: Partition Table:[0m
[0;32mI (62) boot: ## Label            Usage          Type ST Offset   Length[0m
[0;32mI (69) boot:  0 nvs              WiFi data        01 02 00009000 00006000[0m
[0;32mI (77) boot:  1 phy_init         RF data          01 01 0000f000 00001000[0m
[0;32mI (84) boot:  2 factory          factory app      00 00 00010000 00177000[0m
[0;32mI (92) boot: End of partition table[0m
[0;32mI (96) esp_image: segment 0: paddr=00010020 vaddr=3c060020 size=374cch (226508) map[0m
[0;32mI (139) esp_image: segment 1: paddr=000474f4 vaddr=3fc95f00 size=032d0h ( 13008) load[0m
[0;32mI (142) esp_image: segment 2: paddr=0004a7cc vaddr=40374000 size=0584ch ( 22604) load[0m
[0;32mI (149) esp_image: segment 3: paddr=00050020 vaddr=42000020 size=54aa8h (346792) map[0m
[0;32mI (206) esp_image: segment 4: paddr=000a4ad0 vaddr=4037984c size=0c5e8h ( 50664) load[0m
[0;32mI (216) esp_image: segment 5: paddr=000b10c0 vaddr=600fe100 size=00004h (     4) load[0m
[0;32mI (223) boot: Loaded app from partition at offset 0x10000[0m
[0;32mI (224) boot: Disabling RNG early entropy source...[0m
[0;32mI (236) octal_psram: ECC is enabled[0m
[0;32mI (237) octal_psram: vendor id    : 0x0d (AP)[0m
[0;32mI (237) octal_psram: dev id       : 0x02 (generation 3)[0m
[0;32mI (240) octal_psram: density      : 0x03 (64 Mbit)[0m
[0;32mI (246) octal_psram: good-die     : 0x01 (Pass)[0m
[0;32mI (251) octal_psram: Latency      : 0x01 (Fixed)[0m
[0;32mI (256) octal_psram: VCC          : 0x01 (3V)[0m
[0;32mI (261) octal_psram: SRF          : 0x01 (Fast Refresh)[0m
[0;32mI (267) octal_psram: BurstType    : 0x00 ( Wrap)[0m
[0;32mI (272) octal_psram: BurstLen     : 0x03 (1024 Byte)[0m
[0;32mI (278) octal_psram: Readlatency  : 0x02 (10 cycles@Fixed)[0m
[0;32mI (284) octal_psram: DriveStrength: 0x00 (1/1)[0m
[0;32mI (290) MSPI Timing: PSRAM timing tuning index: 5[0m
[0;32mI (295) esp_psram: Found 8MB PSRAM device[0m
[0;32mI (299) esp_psram: Speed: 80MHz[0m
[0;32mI (323) mmu_psram: Read only data copied and mapped to SPIRAM[0m
[0;32mI (355) mmu_psram: Instructions copied and mapped to SPIRAM[0m
[0;32mI (355) cpu_start: Multicore app[0m
[0;32mI (741) esp_psram: SPI SRAM memory test OK[0m
[0;32mI (750) cpu_start: Pro cpu start user code[0m
[0;32mI (750) cpu_start: cpu freq: 240000000 Hz[0m
[0;32mI (750) app_init: Application information:[0m
[0;32mI (753) app_init: Project name:     esp_idf_v5.0_tembed[0m
[0;32mI (758) app_init: App version:      01a3a70-dirty[0m
[0;32mI (764) app_init: Compile time:     Oct 14 2024 18:51:21[0m
[0;32mI (770) app_init: ELF file SHA256:  e72d0cbb49b8a811...[0m
[0;32mI (776) app_init: ESP-IDF:          v5.3.1-dirty[0m
[0;32mI (781) efuse_init: Min chip rev:     v0.0[0m
[0;32mI (786) efuse_init: Max chip rev:     v0.99 [0m
[0;32mI (791) efuse_init: Chip rev:         v0.1[0m
[0;32mI (796) heap_init: Initializing. RAM available for dynamic allocation:[0m
[0;32mI (803) heap_init: At 3FCA21F8 len 00047518 (285 KiB): RAM[0m
[0;32mI (809) heap_init: At 3FCE9710 len 00005724 (21 KiB): RAM[0m
[0;32mI (815) heap_init: At 3FCF0000 len 00008000 (32 KiB): DRAM[0m
[0;32mI (821) heap_init: At 600FE104 len 00001EE4 (7 KiB): RTCRAM[0m
[0;32mI (827) esp_psram: Adding pool of 7040K of PSRAM memory to heap allocator[0m
[0;32mI (835) spi_flash: detected chip: gd[0m
[0;32mI (839) spi_flash: flash io: qio[0m
[0;32mI (843) sleep: Configure to isolate all GPIO pins in sleep state[0m
[0;32mI (850) sleep: Enable automatic switching of GPIO sleep configuration[0m
[0;32mI (857) main_task: Started on CPU0[0m
[0;32mI (867) esp_psram: Reserving pool of 32K of internal memory for DMA/internal allocations[0m
[0;32mI (867) main_task: Calling app_main()[0m
[0;32mI (877) tembed: Hello lcd![0m
This is esp32s3 chip with 2 CPU core(s), WiFi/BLE, silicon revision v0.1, 16MB external flash
Minimum free heap size: 7505964 bytes
[0;32mI (887) gpio: GPIO[46]| InputEn: 0| OutputEn: 1| OpenDrain: 0| Pullup: 0| Pulldown: 0| Intr:0 [0m
[0;32mI (897) APA102: Init clk:45 data:42[0m
[0;32mI (907) gpio: GPIO[42]| InputEn: 0| OutputEn: 1| OpenDrain: 0| Pullup: 0| Pulldown: 0| Intr:0 [0m
[0;32mI (907) gpio: GPIO[45]| InputEn: 0| OutputEn: 1| OpenDrain: 0| Pullup: 0| Pulldown: 0| Intr:0 [0m
[0;32mI (917) lcd: Backlight off[0m
[0;32mI (927) gpio: GPIO[15]| InputEn: 0| OutputEn: 1| OpenDrain: 0| Pullup: 0| Pulldown: 0| Intr:0 [0m
[0;32mI (937) lcd: Init SPI bus[0m
[0;32mI (937) lcd: Init panel io[0m
[0;32mI (937) gpio: GPIO[13]| InputEn: 0| OutputEn: 1| OpenDrain: 0| Pullup: 0| Pulldown: 0| Intr:0 [0m
[0;32mI (947) lcd: Attach panel[0m
[0;32mI (957) gpio: GPIO[9]| InputEn: 0| OutputEn: 1| OpenDrain: 0| Pullup: 0| Pulldown: 0| Intr:0 [0m
[0;32mI (967) lcd: Init lcd[0m
[0;32mI (2087) lcd: Enable lcd[0m
[0;32mI (2087) lcd: Backlight on[0m
[0;32mI (2087) gpio: GPIO[0]| InputEn: 1| OutputEn: 0| OpenDrain: 0| Pullup: 1| Pulldown: 0| Intr:0 [0m
[0;32mI (2087) gpio: GPIO[2]| InputEn: 1| OutputEn: 0| OpenDrain: 0| Pullup: 1| Pulldown: 0| Intr:3 [0m
[0;32mI (2097) gpio: GPIO[1]| InputEn: 1| OutputEn: 0| OpenDrain: 0| Pullup: 1| Pulldown: 0| Intr:3 [0m
[0;32mI (2107) Knob: Iot Knob Config Succeed, encoder A:2, encoder B:1, direction:0, Version: 0.1.0[0m
[0;32mI (2117) lvgl: Init[0m
[0;32mI (2117) lvgl: Register display[0m
[0;32mI (2127) lvgl: Tick timer[0m
[0;32mI (2127) tembed: Display LVGL[0m
Guru Meditation Error: Core  0 panic'ed (LoadProhibited). Exception was unhandled.

Core  0 register dump:
PC      : 0x4204e877  PS      : 0x00060f30  A0      : 0x8200cf13  A1      : 0x3fca5bf0  
A2      : 0x00000000  A3      : 0x00000000  A4      : 0x00000055  A5      : 0x00000000  
A6      : 0x00000000  A7      : 0x00000000  A8      : 0x00000001  A9      : 0x3fca5be0  
A10     : 0x3fc9b300  A11     : 0x00000001  A12     : 0x00000000  A13     : 0x00000001  
A14     : 0xfff10000  A15     : 0x3fc991fc  SAR     : 0x0000001b  EXCCAUSE: 0x0000001c  
EXCVADDR: 0x00000008  LBEG    : 0x42010939  LEND    : 0x42010940  LCOUNT  : 0x00000001  


Backtrace: 0x4204e874:0x3fca5bf0 0x4200cf10:0x3fca5c10 0x42018b00:0x3fca5c40 0x4200a133:0x3fca5c90 0x4200a328:0x3fca5cd0 0x4200a486:0x3fca5cf0 0x42053efb:0x3fca5d30




ELF file SHA256: e72d0cbb49b8a811

Rebooting...
ESP-ROM:esp32s3-20210327
Build:Mar 27 2021
rst:0xc (RTC_SW_CPU_RST),boot:0x8 (SPI_FAST_FLASH_BOOT)
Saved PC:0x40375e3c
SPIWP:0xee
mode:DIO, clock div:1
load:0x3fce2820,len:0x1918
load:0x403c8700,len:0x4
load:0x403c8704,len:0xe5c
load:0x403cb700,len:0x303c
entry 0x403c893c
[0;32mI (26) boot: ESP-IDF v5.3.1-dirty 2nd stage bootloader[0m
[0;32mI (26) boot: compile time Oct 14 2024 10:29:00[0m
[0;32mI (26) boot: Multicore bootloader[0m
[0;32mI (30) boot: chip revision: v0.1[0m
[0;32mI (34) qio_mode: Enabling default flash chip QIO[0m
[0;32mI (39) boot.esp32s3: Boot SPI Speed : 80MHz[0m
[0;32mI (44) boot.esp32s3: SPI Mode       : QIO[0m
[0;32mI (48) boot.esp32s3: SPI Flash Size : 16MB[0m
[0;32mI (53) boot: Enabling RNG early entropy source...[0m
[0;32mI (59) boot: Partition Table:[0m
[0;32mI (62) boot: ## Label            Usage          Type ST Offset   Length[0m
[0;32mI (69) boot:  0 nvs              WiFi data        01 02 00009000 00006000[0m
[0;32mI (77) boot:  1 phy_init         RF data          01 01 0000f000 00001000[0m
[0;32mI (84) boot:  2 factory          factory app      00 00 00010000 00177000[0m
[0;32mI (92) boot: End of partition table[0m
[0;32mI (96) esp_image: segment 0: paddr=00010020 vaddr=3c060020 size=374cch (226508) map[0m
[0;32mI (139) esp_image: segment 1: paddr=000474f4 vaddr=3fc95f00 size=032d0h ( 13008) load[0m
[0;32mI (142) esp_image: segment 2: paddr=0004a7cc vaddr=40374000 size=0584ch ( 22604) load[0m
[0;32mI (149) esp_image: segment 3: paddr=00050020 vaddr=42000020 size=54aa8h (346792) map[0m
[0;32mI (206) esp_image: segment 4: paddr=000a4ad0 vaddr=4037984c size=0c5e8h ( 50664) load[0m
[0;32mI (216) esp_image: segment 5: paddr=000b10c0 vaddr=600fe100 size=00004h (     4) load[0m
[0;32mI (223) boot: Loaded app from partition at offset 0x10000[0m
[0;32mI (224) boot: Disabling RNG early entropy source...[0m
[0;32mI (236) octal_psram: ECC is enabled[0m
[0;32mI (237) octal_psram: vendor id    : 0x0d (AP)[0m
[0;32mI (237) octal_psram: dev id       : 0x02 (generation 3)[0m
[0;32mI (240) octal_psram: density      : 0x03 (64 Mbit)[0m
[0;32mI (246) octal_psram: good-die     : 0x01 (Pass)[0m
[0;32mI (251) octal_psram: Latency      : 0x01 (Fixed)[0m
[0;32mI (256) octal_psram: VCC          : 0x01 (3V)[0m
[0;32mI (261) octal_psram: SRF          : 0x01 (Fast Refresh)[0m
[0;32mI (267) octal_psram: BurstType    : 0x00 ( Wrap)[0m
[0;32mI (272) octal_psram: BurstLen     : 0x03 (1024 Byte)[0m
[0;32mI (278) octal_psram: Readlatency  : 0x02 (10 cycles@Fixed)[0m
[0;32mI (284) octal_psram: DriveStrength: 0x00 (1/1)[0m
[0;32mI (290) MSPI Timing: PSRAM timing tuning index: 5[0m
[0;32mI (295) esp_psram: Found 8MB PSRAM device[0m
[0;32mI (299) esp_psram: Speed: 80MHz[0m
[0;32mI (323) mmu_psram: Read only data copied and mapped to SPIRAM[0m
[0;32mI (355) mmu_psram: Instructions copied and mapped to SPIRAM[0m
[0;32mI (355) cpu_start: Multicore app[0m
[0;32mI (741) esp_psram: SPI SRAM memory test OK[0m
[0;32mI (750) cpu_start: Pro cpu start user code[0m
[0;32mI (750) cpu_start: cpu freq: 240000000 Hz[0m
[0;32mI (750) app_init: Application information:[0m
[0;32mI (753) app_init: Project name:     esp_idf_v5.0_tembed[0m
[0;32mI (758) app_init: App version:      01a3a70-dirty[0m
[0;32mI (764) app_init: Compile time:     Oct 14 2024 18:51:21[0m
[0;32mI (770) app_init: ELF file SHA256:  e72d0cbb49b8a811...[0m
[0;32mI (776) app_init: ESP-IDF:          v5.3.1-dirty[0m
[0;32mI (781) efuse_init: Min chip rev:     v0.0[0m
[0;32mI (786) efuse_init: Max chip rev:     v0.99 [0m
[0;32mI (791) efuse_init: Chip rev:         v0.1[0m
[0;32mI (796) heap_init: Initializing. RAM available for dynamic allocation:[0m
[0;32mI (803) heap_init: At 3FCA21F8 len 00047518 (285 KiB): RAM[0m
[0;32mI (809) heap_init: At 3FCE9710 len 00005724 (21 KiB): RAM[0m
[0;32mI (815) heap_init: At 3FCF0000 len 00008000 (32 KiB): DRAM[0m
[0;32mI (821) heap_init: At 600FE104 len 00001EE4 (7 KiB): RTCRAM[0m
[0;32mI (827) esp_psram: Adding pool of 7040K of PSRAM memory to heap allocator[0m
[0;32mI (835) spi_flash: detected chip: gd[0m
[0;32mI (839) spi_flash: flash io: qio[0m
[0;32mI (843) sleep: Configure to isolate all GPIO pins in sleep state[0m
[0;32mI (850) sleep: Enable automatic switching of GPIO sleep configuration[0m
[0;32mI (857) main_task: Started on CPU0[0m
[0;32mI (867) esp_psram: Reserving pool of 32K of internal memory for DMA/internal allocations[0m
[0;32mI (867) main_task: Calling app_main()[0m
[0;32mI (877) tembed: Hello lcd![0m
This is esp32s3 chip with 2 CPU core(s), WiFi/BLE, silicon revision v0.1, 16MB external flash
Minimum free heap size: 7505964 bytes
[0;32mI (887) gpio: GPIO[46]| InputEn: 0| OutputEn: 1| OpenDrain: 0| Pullup: 0| Pulldown: 0| Intr:0 [0m
[0;32mI (897) APA102: Init clk:45 data:42[0m
[0;32mI (907) gpio: GPIO[42]| InputEn: 0| OutputEn: 1| OpenDrain: 0| Pullup: 0| Pulldown: 0| Intr:0 [0m
[0;32mI (907) gpio: GPIO[45]| InputEn: 0| OutputEn: 1| OpenDrain: 0| Pullup: 0| Pulldown: 0| Intr:0 [0m
[0;32mI (917) lcd: Backlight off[0m
[0;32mI (927) gpio: GPIO[15]| InputEn: 0| OutputEn: 1| OpenDrain: 0| Pullup: 0| Pulldown: 0| Intr:0 [0m
[0;32mI (937) lcd: Init SPI bus[0m
[0;32mI (937) lcd: Init panel io[0m
[0;32mI (937) gpio: GPIO[13]| InputEn: 0| OutputEn: 1| OpenDrain: 0| Pullup: 0| Pulldown: 0| Intr:0 [0m
[0;32mI (947) lcd: Attach panel[0m
[0;32mI (957) gpio: GPIO[9]| InputEn: 0| OutputEn: 1| OpenDrain: 0| Pullup: 0| Pulldown: 0| Intr:0 [0m
[0;32mI (967) lcd: Init lcd[0m
[0;32mI (2087) lcd: Enable lcd[0m
[0;32mI (2087) lcd: Backlight on[0m
[0;32mI (2087) gpio: GPIO[0]| InputEn: 1| OutputEn: 0| OpenDrain: 0| Pullup: 1| Pulldown: 0| Intr:0 [0m
[0;32mI (2087) gpio: GPIO[2]| InputEn: 1| OutputEn: 0| OpenDrain: 0| Pullup: 1| Pulldown: 0| Intr:3 [0m
[0;32mI (2097) gpio: GPIO[1]| InputEn: 1| OutputEn: 0| OpenDrain: 0| Pullup: 1| Pulldown: 0| Intr:3 [0m
[0;32mI (2107) Knob: Iot Knob Config Succeed, encoder A:2, encoder B:1, direction:0, Version: 0.1.0[0m
[0;32mI (2117) lvgl: Init[0m
[0;32mI (2117) lvgl: Register display[0m
[0;32mI (2127) lvgl: Tick timer[0m
[0;32mI (2127) tembed: Display LVGL[0m
Guru Meditation Error: Core  0 panic'ed (LoadProhibited). Exception was unhandled.

Core  0 register dump:
PC      : 0x4204e877  PS      : 0x00060f30  A0      : 0x8200cf13  A1      : 0x3fca5bf0  
A2      : 0x00000000  A3      : 0x00000000  A4      : 0x00000055  A5      : 0x00000000  
A6      : 0x00000000  A7      : 0x00000000  A8      : 0x00000001  A9      : 0x3fca5be0  
A10     : 0x3fc9b300  A11     : 0x00000001  A12     : 0x00000000  A13     : 0x00000001  
A14     : 0xfff10000  A15     : 0x3fc991fc  SAR     : 0x0000001b  EXCCAUSE: 0x0000001c  
EXCVADDR: 0x00000008  LBEG    : 0x42010939  LEND    : 0x42010940  LCOUNT  : 0x00000001  


Backtrace: 0x4204e874:0x3fca5bf0 0x4200cf10:0x3fca5c10 0x42018b00:0x3fca5c40 0x4200a133:0x3fca5c90 0x4200a328:0x3fca5cd0 0x4200a486:0x3fca5cf0 0x42053efb:0x3fca5d30




ELF file SHA256: e72d0cbb49b8a811

Rebooting...
ESP-ROM:esp32s3-20210327
Build:Mar 27 2021
rst:0xc (RTC_SW_CPU_RST),boot:0x8 (SPI_FAST_FLASH_BOOT)
Saved PC:0x40375e3c
SPIWP:0xee
mode:DIO, clock div:1
load:0x3fce2820,len:0x1918
load:0x403c8700,len:0x4
load:0x403c8704,len:0xe5c
load:0x403cb700,len:0x303c
entry 0x403c893c
[0;32mI (26) boot: ESP-IDF v5.3.1-dirty 2nd stage bootloader[0m
[0;32mI (26) boot: compile time Oct 14 2024 10:29:00[0m
[0;32mI (26) boot: Multicore bootloader[0m
[0;32mI (30) boot: chip revision: v0.1[0m
[0;32mI (34) qio_mode: Enabling default flash chip QIO[0m
[0;32mI (39) boot.esp32s3: Boot SPI Speed : 80MHz[0m
[0;32mI (44) boot.esp32s3: SPI Mode       : QIO[0m
[0;32mI (48) boot.esp32s3: SPI Flash Size : 16MB[0m
[0;32mI (53) boot: Enabling RNG early entropy source...[0m
[0;32mI (59) boot: Partition Table:[0m
[0;32mI (62) boot: ## Label            Usage          Type ST Offset   Length[0m
[0;32mI (69) boot:  0 nvs              WiFi data        01 02 00009000 00006000[0m
[0;32mI (77) boot:  1 phy_init         RF data          01 01 0000f000 00001000[0m
[0;32mI (84) boot:  2 factory          factory app      00 00 00010000 00177000[0m
[0;32mI (92) boot: End of partition table[0m
[0;32mI (96) esp_image: segment 0: paddr=00010020 vaddr=3c060020 size=374cch (226508) map[0m
[0;32mI (139) esp_image: segment 1: paddr=000474f4 vaddr=3fc95f00 size=032d0h ( 13008) load[0m
[0;32mI (142) esp_image: segment 2: paddr=0004a7cc vaddr=40374000 size=0584ch ( 22604) load[0m
[0;32mI (149) esp_image: segment 3: paddr=00050020 vaddr=42000020 size=54aa8h (346792) map[0m
[0;32mI (206) esp_image: segment 4: paddr=000a4ad0 vaddr=4037984c size=0c5e8h ( 50664) load[0m
[0;32mI (216) esp_image: segment 5: paddr=000b10c0 vaddr=600fe100 size=00004h (     4) load[0m
[0;32mI (223) boot: Loaded app from partition at offset 0x10000[0m
[0;32mI (224) boot: Disabling RNG early entropy source...[0m
[0;32mI (236) octal_psram: ECC is enabled[0m
[0;32mI (237) octal_psram: vendor id    : 0x0d (AP)[0m
[0;32mI (237) octal_psram: dev id       : 0x02 (generation 3)[0m
[0;32mI (240) octal_psram: density      : 0x03 (64 Mbit)[0m
[0;32mI (246) octal_psram: good-die     : 0x01 (Pass)[0m
[0;32mI (251) octal_psram: Latency      : 0x01 (Fixed)[0m
[0;32mI (256) octal_psram: VCC          : 0x01 (3V)[0m
[0;32mI (261) octal_psram: SRF          : 0x01 (Fast Refresh)[0m
[0;32mI (267) octal_psram: BurstType    : 0x00 ( Wrap)[0m
[0;32mI (272) octal_psram: BurstLen     : 0x03 (1024 Byte)[0m
[0;32mI (278) octal_psram: Readlatency  : 0x02 (10 cycles@Fixed)[0m
[0;32mI (284) octal_psram: DriveStrength: 0x00 (1/1)[0m
[0;32mI (290) MSPI Timing: PSRAM timing tuning index: 5[0m
[0;32mI (295) esp_psram: Found 8MB PSRAM device[0m
[0;32mI (299) esp_psram: Speed: 80MHz[0m
[0;32mI (323) mmu_psram: Read only data copied and mapped to SPIRAM[0m
[0;32mI (355) mmu_psram: Instructions copied and mapped to SPIRAM[0m
[0;32mI (355) cpu_start: Multicore app[0m
[0;32mI (741) esp_psram: SPI SRAM memory test OK[0m
[0;32mI (750) cpu_start: Pro cpu start user code[0m
[0;32mI (750) cpu_start: cpu freq: 240000000 Hz[0m
[0;32mI (750) app_init: Application information:[0m
[0;32mI (753) app_init: Project name:     esp_idf_v5.0_tembed[0m
[0;32mI (758) app_init: App version:      01a3a70-dirty[0m
[0;32mI (764) app_init: Compile time:     Oct 14 2024 18:51:21[0m
[0;32mI (770) app_init: ELF file SHA256:  e72d0cbb49b8a811...[0m
[0;32mI (776) app_init: ESP-IDF:          v5.3.1-dirty[0m
[0;32mI (781) efuse_init: Min chip rev:     v0.0[0m
[0;32mI (786) efuse_init: Max chip rev:     v0.99 [0m
[0;32mI (791) efuse_init: Chip rev:         v0.1[0m
[0;32mI (796) heap_init: Initializing. RAM available for dynamic allocation:[0m
[0;32mI (803) heap_init: At 3FCA21F8 len 00047518 (285 KiB): RAM[0m
[0;32mI (809) heap_init: At 3FCE9710 len 00005724 (21 KiB): RAM[0m
[0;32mI (815) heap_init: At 3FCF0000 len 00008000 (32 KiB): DRAM[0m
[0;32mI (821) heap_init: At 600FE104 len 00001EE4 (7 KiB): RTCRAM[0m
[0;32mI (827) esp_psram: Adding pool of 7040K of PSRAM memory to heap allocator[0m
[0;32mI (835) spi_flash: detected chip: gd[0m
[0;32mI (839) spi_flash: flash io: qio[0m
[0;32mI (843) sleep: Configure to isolate all GPIO pins in sleep state[0m
[0;32mI (850) sleep: Enable automatic switching of GPIO sleep configuration[0m
[0;32mI (857) main_task: Started on CPU0[0m
[0;32mI (867) esp_psram: Reserving pool of 32K of internal memory for DMA/internal allocations[0m
[0;32mI (867) main_task: Calling app_main()[0m
[0;32mI (877) tembed: Hello lcd![0m
This is esp32s3 chip with 2 CPU core(s), WiFi/BLE, silicon revision v0.1, 16MB external flash
Minimum free heap size: 7505964 bytes
[0;32mI (887) gpio: GPIO[46]| InputEn: 0| OutputEn: 1| OpenDrain: 0| Pullup: 0| Pulldown: 0| Intr:0 [0m
[0;32mI (897) APA102: Init clk:45 data:42[0m
[0;32mI (907) gpio: GPIO[42]| InputEn: 0| OutputEn: 1| OpenDrain: 0| Pullup: 0| Pulldown: 0| Intr:0 [0m
[0;32mI (907) gpio: GPIO[45]| InputEn: 0| OutputEn: 1| OpenDrain: 0| Pullup: 0| Pulldown: 0| Intr:0 [0m
[0;32mI (917) lcd: Backlight off[0m
[0;32mI (927) gpio: GPIO[15]| InputEn: 0| OutputEn: 1| OpenDrain: 0| Pullup: 0| Pulldown: 0| Intr:0 [0m
[0;32mI (937) lcd: Init SPI bus[0m
[0;32mI (937) lcd: Init panel io[0m
[0;32mI (937) gpio: GPIO[13]| InputEn: 0| OutputEn: 1| OpenDrain: 0| Pullup: 0| Pulldown: 0| Intr:0 [0m
[0;32mI (947) lcd: Attach panel[0m
[0;32mI (957) gpio: GPIO[9]| InputEn: 0| OutputEn: 1| OpenDrain: 0| Pullup: 0| Pulldown: 0| Intr:0 [0m
[0;32mI (967) lcd: Init lcd[0m
[0;32mI (2087) lcd: Enable lcd[0m
[0;32mI (2087) lcd: Backlight on[0m
[0;32mI (2087) gpio: GPIO[0]| InputEn: 1| OutputEn: 0| OpenDrain: 0| Pullup: 1| Pulldown: 0| Intr:0 [0m
[0;32mI (2087) gpio: GPIO[2]| InputEn: 1| OutputEn: 0| OpenDrain: 0| Pullup: 1| Pulldown: 0| Intr:3 [0m
[0;32mI (2097) gpio: GPIO[1]| InputEn: 1| OutputEn: 0| OpenDrain: 0| Pullup: 1| Pulldown: 0| Intr:3 [0m
[0;32mI (2107) Knob: Iot Knob Config Succeed, encoder A:2, encoder B:1, direction:0, Version: 0.1.0[0m
[0;32mI (2117) lvgl: Init[0m
[0;32mI (2117) lvgl: Register display[0m
[0;32mI (2127) lvgl: Tick timer[0m
[0;32mI (2127) tembed: Display LVGL[0m
Guru Meditation Error: Core  0 panic'ed (LoadProhibited). Exception was unhandled.

Core  0 register dump:
PC      : 0x4204e877  PS      : 0x00060f30  A0      : 0x8200cf13  A1      : 0x3fca5bf0  
A2      : 0x00000000  A3      : 0x00000000  A4      : 0x00000055  A5      : 0x00000000  
A6      : 0x00000000  A7      : 0x00000000  A8      : 0x00000001  A9      : 0x3fca5be0  
A10     : 0x3fc9b300  A11     : 0x00000001  A12     : 0x00000000  A13     : 0x00000001  
A14     : 0xfff10000  A15     : 0x3fc991fc  SAR     : 0x0000001b  EXCCAUSE: 0x0000001c  
EXCVADDR: 0x00000008  LBEG    : 0x42010939  LEND    : 0x42010940  LCOUNT  : 0x00000001  


Backtrace: 0x4204e874:0x3fca5bf0 0x4200cf10:0x3fca5c10 0x42018b00:0x3fca5c40 0x4200a133:0x3fca5c90 0x4200a328:0x3fca5cd0 0x4200a486:0x3fca5cf0 0x42053efb:0x3fca5d30




ELF file SHA256: e72d0cbb49b8a811

Rebooting...
ESP-ROM:esp32s3-20210327
Build:Mar 27 2021
rst:0xc (RTC_SW_CPU_RST),boot:0x8 (SPI_FAST_FLASH_BOOT)
Saved PC:0x40375e3c
SPIWP:0xee
mode:DIO, clock div:1
load:0x3fce2820,len:0x1918
load:0x403c8700,len:0x4
load:0x403c8704,len:0xe5c
load:0x403cb700,len:0x303c
entry 0x403c893c
[0;32mI (26) boot: ESP-IDF v5.3.1-dirty 2nd stage bootloader[0m
[0;32mI (26) boot: compile time Oct 14 2024 10:29:00[0m
[0;32mI (26) boot: Multicore bootloader[0m
[0;32mI (30) boot: chip revision: v0.1[0m
[0;32mI (34) qio_mode: Enabling default flash chip QIO[0m
[0;32mI (39) boot.esp32s3: Boot SPI Speed : 80MHz[0m
[0;32mI (44) boot.esp32s3: SPI Mode       : QIO[0m
[0;32mI (48) boot.esp32s3: SPI Flash Size : 16MB[0m
[0;32mI (53) boot: Enabling RNG early entropy source...[0m
[0;32mI (59) boot: Partition Table:[0m
[0;32mI (62) boot: ## Label            Usage          Type ST Offset   Length[0m
[0;32mI (69) boot:  0 nvs              WiFi data        01 02 00009000 00006000[0m
[0;32mI (77) boot:  1 phy_init         RF data          01 01 0000f000 00001000[0m
[0;32mI (84) boot:  2 factory          factory app      00 00 00010000 00177000[0m
[0;32mI (92) boot: End of partition table[0m
[0;32mI (96) esp_image: segment 0: paddr=00010020 vaddr=3c060020 size=374cch (226508) map[0m
[0;32mI (139) esp_image: segment 1: paddr=000474f4 vaddr=3fc95f00 size=032d0h ( 13008) load[0m
[0;32mI (142) esp_image: segment 2: paddr=0004a7cc vaddr=40374000 size=0584ch ( 22604) load[0m
[0;32mI (149) esp_image: segment 3: paddr=00050020 vaddr=42000020 size=54aa8h (346792) map[0m
[0;32mI (206) esp_image: segment 4: paddr=000a4ad0 vaddr=4037984c size=0c5e8h ( 50664) load[0m
[0;32mI (216) esp_image: segment 5: paddr=000b10c0 vaddr=600fe100 size=00004h (     4) load[0m
[0;32mI (223) boot: Loaded app from partition at offset 0x10000[0m
[0;32mI (224) boot: Disabling RNG early entropy source...[0m
[0;32mI (236) octal_psram: ECC is enabled[0m
[0;32mI (237) octal_psram: vendor id    : 0x0d (AP)[0m
[0;32mI (237) octal_psram: dev id       : 0x02 (generation 3)[0m
[0;32mI (240) octal_psram: density      : 0x03 (64 Mbit)[0m
[0;32mI (246) octal_psram: good-die     : 0x01 (Pass)[0m
[0;32mI (251) octal_psram: Latency      : 0x01 (Fixed)[0m
[0;32mI (256) octal_psram: VCC          : 0x01 (3V)[0m
[0;32mI (261) octal_psram: SRF          : 0x01 (Fast Refresh)[0m
[0;32mI (267) octal_psram: BurstType    : 0x00 ( Wrap)[0m
[0;32mI (272) octal_psram: BurstLen     : 0x03 (1024 Byte)[0m
[0;32mI (278) octal_psram: Readlatency  : 0x02 (10 cycles@Fixed)[0m
[0;32mI (284) octal_psram: DriveStrength: 0x00 (1/1)[0m
[0;32mI (290) MSPI Timing: PSRAM timing tuning index: 5[0m
[0;32mI (295) esp_psram: Found 8MB PSRAM device[0m
[0;32mI (299) esp_psram: Speed: 80MHz[0m
[0;32mI (323) mmu_psram: Read only data copied and mapped to SPIRAM[0m
[0;32mI (355) mmu_psram: Instructions copied and mapped to SPIRAM[0m
[0;32mI (355) cpu_start: Multicore app[0m
[0;32mI (741) esp_psram: SPI SRAM memory test OK[0m
[0;32mI (750) cpu_start: Pro cpu start user code[0m
[0;32mI (750) cpu_start: cpu freq: 240000000 Hz[0m
[0;32mI (750) app_init: Application information:[0m
[0;32mI (753) app_init: Project name:     esp_idf_v5.0_tembed[0m
[0;32mI (758) app_init: App version:      01a3a70-dirty[0m
[0;32mI (764) app_init: Compile time:     Oct 14 2024 18:51:21[0m
[0;32mI (770) app_init: ELF file SHA256:  e72d0cbb49b8a811...[0m
[0;32mI (776) app_init: ESP-IDF:          v5.3.1-dirty[0m
[0;32mI (781) efuse_init: Min chip rev:     v0.0[0m
[0;32mI (786) efuse_init: Max chip rev:     v0.99 [0m
[0;32mI (791) efuse_init: Chip rev:         v0.1[0m
[0;32mI (796) heap_init: Initializing. RAM available for dynamic allocation:[0m
[0;32mI (803) heap_init: At 3FCA21F8 len 00047518 (285 KiB): RAM[0m
[0;32mI (809) heap_init: At 3FCE9710 len 00005724 (21 KiB): RAM[0m
[0;32mI (815) heap_init: At 3FCF0000 len 00008000 (32 KiB): DRAM[0m
[0;32mI (821) heap_init: At 600FE104 len 00001EE4 (7 KiB): RTCRAM[0m
[0;32mI (827) esp_psram: Adding pool of 7040K of PSRAM memory to heap allocator[0m
[0;32mI (835) spi_flash: detected chip: gd[0m
[0;32mI (839) spi_flash: flash io: qio[0m
[0;32mI (843) sleep: Configure to isolate all GPIO pins in sleep state[0m
[0;32mI (850) sleep: Enable automatic switching of GPIO sleep configuration[0m
[0;32mI (857) main_task: Started on CPU0[0m
[0;32mI (867) esp_psram: Reserving pool of 32K of internal memory for DMA/internal allocations[0m
[0;32mI (867) main_task: Calling app_main()[0m
[0;32mI (877) tembed: Hello lcd![0m
This is esp32s3 chip with 2 CPU core(s), WiFi/BLE, silicon revision v0.1, 16MB external flash
Minimum free heap size: 7505964 bytes
[0;32mI (887) gpio: GPIO[46]| InputEn: 0| OutputEn: 1| OpenDrain: 0| Pullup: 0| Pulldown: 0| Intr:0 [0m
[0;32mI (897) APA102: Init clk:45 data:42[0m
[0;32mI (907) gpio: GPIO[42]| InputEn: 0| OutputEn: 1| OpenDrain: 0| Pullup: 0| Pulldown: 0| Intr:0 [0m
[0;32mI (907) gpio: GPIO[45]| InputEn: 0| OutputEn: 1| OpenDrain: 0| Pullup: 0| Pulldown: 0| Intr:0 [0m
[0;32mI (917) lcd: Backlight off[0m
[0;32mI (927) gpio: GPIO[15]| InputEn: 0| OutputEn: 1| OpenDrain: 0| Pullup: 0| Pulldown: 0| Intr:0 [0m
[0;32mI (937) lcd: Init SPI bus[0m
[0;32mI (937) lcd: Init panel io[0m
[0;32mI (937) gpio: GPIO[13]| InputEn: 0| OutputEn: 1| OpenDrain: 0| Pullup: 0| Pulldown: 0| Intr:0 [0m
[0;32mI (947) lcd: Attach panel[0m
[0;32mI (957) gpio: GPIO[9]| InputEn: 0| OutputEn: 1| OpenDrain: 0| Pullup: 0| Pulldown: 0| Intr:0 [0m
[0;32mI (967) lcd: Init lcd[0m
[0;32mI (2087) lcd: Enable lcd[0m
[0;32mI (2087) lcd: Backlight on[0m
[0;32mI (2087) gpio: GPIO[0]| InputEn: 1| OutputEn: 0| OpenDrain: 0| Pullup: 1| Pulldown: 0| Intr:0 [0m
[0;32mI (2087) gpio: GPIO[2]| InputEn: 1| OutputEn: 0| OpenDrain: 0| Pullup: 1| Pulldown: 0| Intr:3 [0m
[0;32mI (2097) gpio: GPIO[1]| InputEn: 1| OutputEn: 0| OpenDrain: 0| Pullup: 1| Pulldown: 0| Intr:3 [0m
[0;32mI (2107) Knob: Iot Knob Config Succeed, encoder A:2, encoder B:1, direction:0, Version: 0.1.0[0m
[0;32mI (2117) lvgl: Init[0m
[0;32mI (2117) lvgl: Register display[0m
[0;32mI (2127) lvgl: Tick timer[0m
[0;32mI (2127) tembed: Display LVGL[0m
Guru Meditation Error: Core  0 panic'ed (LoadProhibited). Exception was unhandled.

Core  0 register dump:
PC      : 0x4204e877  PS      : 0x00060f30  A0      : 0x8200cf13  A1      : 0x3fca5bf0  
A2      : 0x00000000  A3      : 0x00000000  A4      : 0x00000055  A5      : 0x00000000  
A6      : 0x00000000  A7      : 0x00000000  A8      : 0x00000001  A9      : 0x3fca5be0  
A10     : 0x3fc9b300  A11     : 0x00000001  A12     : 0x00000000  A13     : 0x00000001  
A14     : 0xfff10000  A15     : 0x3fc991fc  SAR     : 0x0000001b  EXCCAUSE: 0x0000001c  
EXCVADDR: 0x00000008  LBEG    : 0x42010939  LEND    : 0x42010940  LCOUNT  : 0x00000001  


Backtrace: 0x4204e874:0x3fca5bf0 0x4200cf10:0x3fca5c10 0x42018b00:0x3fca5c40 0x4200a133:0x3fca5c90 0x4200a328:0x3fca5cd0 0x4200a486:0x3fca5cf0 0x42053efb:0x3fca5d30




ELF file SHA256: e72d0cbb49b8a811

Rebooting...
ESP-ROM:esp32s3-20210327
Build:Mar 27 2021
rst:0xc (RTC_SW_CPU_RST),boot:0x8 (SPI_FAST_FLASH_BOOT)
Saved PC:0x40375e3c
SPIWP:0xee
mode:DIO, clock div:1
load:0x3fce2820,len:0x1918
load:0x403c8700,len:0x4
load:0x403c8704,len:0xe5c
load:0x403cb700,len:0x303c
entry 0x403c893c
[0;32mI (26) boot: ESP-IDF v5.3.1-dirty 2nd stage bootloader[0m
[0;32mI (26) boot: compile time Oct 14 2024 10:29:00[0m
[0;32mI (26) boot: Multicore bootloader[0m
[0;32mI (30) boot: chip revision: v0.1[0m
[0;32mI (34) qio_mode: Enabling default flash chip QIO[0m
[0;32mI (39) boot.esp32s3: Boot SPI Speed : 80MHz[0m
[0;32mI (44) boot.esp32s3: SPI Mode       : QIO[0m
[0;32mI (48) boot.esp32s3: SPI Flash Size : 16MB[0m
[0;32mI (53) boot: Enabling RNG early entropy source...[0m
[0;32mI (59) boot: Partition Table:[0m
[0;32mI (62) boot: ## Label            Usage          Type ST Offset   Length[0m
[0;32mI (69) boot:  0 nvs              WiFi data        01 02 00009000 00006000[0m
[0;32mI (77) boot:  1 phy_init         RF data          01 01 0000f000 00001000[0m
[0;32mI (84) boot:  2 factory          factory app      00 00 00010000 00177000[0m
[0;32mI (92) boot: End of partition table[0m
[0;32mI (96) esp_image: segment 0: paddr=00010020 vaddr=3c060020 size=374cch (226508) map[0m
[0;32mI (139) esp_image: segment 1: paddr=000474f4 vaddr=3fc95f00 size=032d0h ( 13008) load[0m
[0;32mI (142) esp_image: segment 2: paddr=0004a7cc vaddr=40374000 size=0584ch ( 22604) load[0m
[0;32mI (149) esp_image: segment 3: paddr=00050020 vaddr=42000020 size=54aa8h (346792) map[0m
[0;32mI (206) esp_image: segment 4: paddr=000a4ad0 vaddr=4037984c size=0c5e8h ( 50664) load[0m
[0;32mI (216) esp_image: segment 5: paddr=000b10c0 vaddr=600fe100 size=00004h (     4) load[0m
[0;32mI (223) boot: Loaded app from partition at offset 0x10000[0m
[0;32mI (224) boot: Disabling RNG early entropy source...[0m
[0;32mI (236) octal_psram: ECC is enabled[0m
[0;32mI (237) octal_psram: vendor id    : 0x0d (AP)[0m
[0;32mI (237) octal_psram: dev id       : 0x02 (generation 3)[0m
[0;32mI (240) octal_psram: density      : 0x03 (64 Mbit)[0m
[0;32mI (246) octal_psram: good-die     : 0x01 (Pass)[0m
[0;32mI (251) octal_psram: Latency      : 0x01 (Fixed)[0m
[0;32mI (256) octal_psram: VCC          : 0x01 (3V)[0m
[0;32mI (261) octal_psram: SRF          : 0x01 (Fast Refresh)[0m
[0;32mI (267) octal_psram: BurstType    : 0x00 ( Wrap)[0m
[0;32mI (272) octal_psram: BurstLen     : 0x03 (1024 Byte)[0m
[0;32mI (278) octal_psram: Readlatency  : 0x02 (10 cycles@Fixed)[0m
[0;32mI (284) octal_psram: DriveStrength: 0x00 (1/1)[0m
[0;32mI (290) MSPI Timing: PSRAM timing tuning index: 5[0m
[0;32mI (295) esp_psram: Found 8MB PSRAM device[0m
[0;32mI (299) esp_psram: Speed: 80MHz[0m
[0;32mI (323) mmu_psram: Read only data copied and mapped to SPIRAM[0m
[0;32mI (355) mmu_psram: Instructions copied and mapped to SPIRAM[0m
[0;32mI (355) cpu_start: Multicore app[0m
[0;32mI (741) esp_psram: SPI SRAM memory test OK[0m
[0;32mI (750) cpu_start: Pro cpu start user code[0m
[0;32mI (750) cpu_start: cpu freq: 240000000 Hz[0m
[0;32mI (750) app_init: Application information:[0m
[0;32mI (753) app_init: Project name:     esp_idf_v5.0_tembed[0m
[0;32mI (758) app_init: App version:      01a3a70-dirty[0m
[0;32mI (764) app_init: Compile time:     Oct 14 2024 18:51:21[0m
[0;32mI (770) app_init: ELF file SHA256:  e72d0cbb49b8a811...[0m
[0;32mI (776) app_init: ESP-IDF:          v5.3.1-dirty[0m
[0;32mI (781) efuse_init: Min chip rev:     v0.0[0m
[0;32mI (786) efuse_init: Max chip rev:     v0.99 [0m
[0;32mI (791) efuse_init: Chip rev:         v0.1[0m
[0;32mI (796) heap_init: Initializing. RAM available for dynamic allocation:[0m
[0;32mI (803) heap_init: At 3FCA21F8 len 00047518 (285 KiB): RAM[0m
[0;32mI (809) heap_init: At 3FCE9710 len 00005724 (21 KiB): RAM[0m
[0;32mI (815) heap_init: At 3FCF0000 len 00008000 (32 KiB): DRAM[0m
[0;32mI (821) heap_init: At 600FE104 len 00001EE4 (7 KiB): RTCRAM[0m
[0;32mI (827) esp_psram: Adding pool of 7040K of PSRAM memory to heap allocator[0m
[0;32mI (835) spi_flash: detected chip: gd[0m
[0;32mI (839) spi_flash: flash io: qio[0m
[0;32mI (843) sleep: Configure to isolate all GPIO pins in sleep state[0m
[0;32mI (850) sleep: Enable automatic switching of GPIO sleep configuration[0m
[0;32mI (857) main_task: Started on CPU0[0m
[0;32mI (867) esp_psram: Reserving pool of 32K of internal memory for DMA/internal allocations[0m
[0;32mI (867) main_task: Calling app_main()[0m
[0;32mI (877) tembed: Hello lcd![0m
This is esp32s3 chip with 2 CPU core(s), WiFi/BLE, silicon revision v0.1, 16MB external flash
Minimum free heap size: 7505964 bytes
[0;32mI (887) gpio: GPIO[46]| InputEn: 0| OutputEn: 1| OpenDrain: 0| Pullup: 0| Pulldown: 0| Intr:0 [0m
[0;32mI (897) APA102: Init clk:45 data:42[0m
[0;32mI (907) gpio: GPIO[42]| InputEn: 0| OutputEn: 1| OpenDrain: 0| Pullup: 0| Pulldown: 0| Intr:0 [0m
[0;32mI (907) gpio: GPIO[45]| InputEn: 0| OutputEn: 1| OpenDrain: 0| Pullup: 0| Pulldown: 0| Intr:0 [0m
[0;32mI (917) lcd: Backlight off[0m
[0;32mI (927) gpio: GPIO[15]| InputEn: 0| OutputEn: 1| OpenDrain: 0| Pullup: 0| Pulldown: 0| Intr:0 [0m
[0;32mI (937) lcd: Init SPI bus[0m
[0;32mI (937) lcd: Init panel io[0m
[0;32mI (937) gpio: GPIO[13]| InputEn: 0| OutputEn: 1| OpenDrain: 0| Pullup: 0| Pulldown: 0| Intr:0 [0m
[0;32mI (947) lcd: Attach panel[0m
[0;32mI (957) gpio: GPIO[9]| InputEn: 0| OutputEn: 1| OpenDrain: 0| Pullup: 0| Pulldown: 0| Intr:0 [0m
[0;32mI (967) lcd: Init lcd[0m
[0;32mI (2087) lcd: Enable lcd[0m
[0;32mI (2087) lcd: Backlight on[0m
[0;32mI (2087) gpio: GPIO[0]| InputEn: 1| OutputEn: 0| OpenDrain: 0| Pullup: 1| Pulldown: 0| Intr:0 [0m
[0;32mI (2087) gpio: GPIO[2]| InputEn: 1| OutputEn: 0| OpenDrain: 0| Pullup: 1| Pulldown: 0| Intr:3 [0m
[0;32mI (2097) gpio: GPIO[1]| InputEn: 1| OutputEn: 0| OpenDrain: 0| Pullup: 1| Pulldown: 0| Intr:3 [0m
[0;32mI (2107) Knob: Iot Knob Config Succeed, encoder A:2, encoder B:1, direction:0, Version: 0.1.0[0m
[0;32mI (2117) lvgl: Init[0m
[0;32mI (2117) lvgl: Register display[0m
[0;32mI (2127) lvgl: Tick timer[0m
[0;32mI (2127) tembed: Display LVGL[0m
Guru Meditation Error: Core  0 panic'ed (LoadProhibited). Exception was unhandled.

Core  0 register dump:
PC      : 0x4204e877  PS      : 0x00060f30  A0      : 0x8200cf13  A1      : 0x3fca5bf0  
A2      : 0x00000000  A3      : 0x00000000  A4      : 0x00000055  A5      : 0x00000000  
A6      : 0x00000000  A7      : 0x00000000  A8      : 0x00000001  A9      : 0x3fca5be0  
A10     : 0x3fc9b300  A11     : 0x00000001  A12     : 0x00000000  A13     : 0x00000001  
A14     : 0xfff10000  A15     : 0x3fc991fc  SAR     : 0x0000001b  EXCCAUSE: 0x0000001c  
EXCVADDR: 0x00000008  LBEG    : 0x42010939  LEND    : 0x42010940  LCOUNT  : 0x00000001  


Backtrace: 0x4204e874:0x3fca5bf0 0x4200cf10:0x3fca5c10 0x42018b00:0x3fca5c40 0x4200a133:0x3fca5c90 0x4200a328:0x3fca5cd0 0x4200a486:0x3fca5cf0 0x42053efb:0x3fca5d30




ELF file SHA256: e72d0cbb49b8a811

Rebooting...
ESP-ROM:esp32s3-20210327
Build:Mar 27 2021
rst:0xc (RTC_SW_CPU_RST),boot:0x8 (SPI_FAST_FLASH_BOOT)
Saved PC:0x40375e3c
SPIWP:0xee
mode:DIO, clock div:1
load:0x3fce2820,len:0x1918
load:0x403c8700,len:0x4
load:0x403c8704,len:0xe5c
load:0x403cb700,len:0x303c
entry 0x403c893c
[0;32mI (26) boot: ESP-IDF v5.3.1-dirty 2nd stage bootloader[0m
[0;32mI (26) boot: compile time Oct 14 2024 10:29:00[0m
[0;32mI (26) boot: Multicore bootloader[0m
[0;32mI (30) boot: chip revision: v0.1[0m
[0;32mI (34) qio_mode: Enabling default flash chip QIO[0m
[0;32mI (39) boot.esp32s3: Boot SPI Speed : 80MHz[0m
[0;32mI (44) boot.esp32s3: SPI Mode       : QIO[0m
[0;32mI (48) boot.esp32s3: SPI Flash Size : 16MB[0m
[0;32mI (53) boot: Enabling RNG early entropy source...[0m
[0;32mI (59) boot: Partition Table:[0m
[0;32mI (62) boot: ## Label            Usage          Type ST Offset   Length[0m
[0;32mI (69) boot:  0 nvs              WiFi data        01 02 00009000 00006000[0m
[0;32mI (77) boot:  1 phy_init         RF data          01 01 0000f000 00001000[0m
[0;32mI (84) boot:  2 factory          factory app      00 00 00010000 00177000[0m
[0;32mI (92) boot: End of partition table[0m
[0;32mI (96) esp_image: segment 0: paddr=00010020 vaddr=3c060020 size=374cch (226508) map[0m
[0;32mI (139) esp_image: segment 1: paddr=000474f4 vaddr=3fc95f00 size=032d0h ( 13008) load[0m
[0;32mI (142) esp_image: segment 2: paddr=0004a7cc vaddr=40374000 size=0584ch ( 22604) load[0m
[0;32mI (149) esp_image: segment 3: paddr=00050020 vaddr=42000020 size=54aa8h (346792) map[0m
[0;32mI (206) esp_image: segment 4: paddr=000a4ad0 vaddr=4037984c size=0c5e8h ( 50664) load[0m
[0;32mI (216) esp_image: segment 5: paddr=000b10c0 vaddr=600fe100 size=00004h (     4) load[0m
[0;32mI (223) boot: Loaded app from partition at offset 0x10000[0m
[0;32mI (224) boot: Disabling RNG early entropy source...[0m
[0;32mI (236) octal_psram: ECC is enabled[0m
[0;32mI (237) octal_psram: vendor id    : 0x0d (AP)[0m
[0;32mI (237) octal_psram: dev id       : 0x02 (generation 3)[0m
[0;32mI (240) octal_psram: density      : 0x03 (64 Mbit)[0m
[0;32mI (246) octal_psram: good-die     : 0x01 (Pass)[0m
[0;32mI (251) octal_psram: Latency      : 0x01 (Fixed)[0m
[0;32mI (256) octal_psram: VCC          : 0x01 (3V)[0m
[0;32mI (261) octal_psram: SRF          : 0x01 (Fast Refresh)[0m
[0;32mI (267) octal_psram: BurstType    : 0x00 ( Wrap)[0m
[0;32mI (272) octal_psram: BurstLen     : 0x03 (1024 Byte)[0m
[0;32mI (278) octal_psram: Readlatency  : 0x02 (10 cycles@Fixed)[0m
[0;32mI (284) octal_psram: DriveStrength: 0x00 (1/1)[0m
[0;32mI (290) MSPI Timing: PSRAM timing tuning index: 5[0m
[0;32mI (295) esp_psram: Found 8MB PSRAM device[0m
[0;32mI (299) esp_psram: Speed: 80MHz[0m
[0;32mI (323) mmu_psram: Read only data copied and mapped to SPIRAM[0m
[0;32mI (355) mmu_psram: Instructions copied and mapped to SPIRAM[0m
[0;32mI (355) cpu_start: Multicore app[0m
[0;32mI (741) esp_psram: SPI SRAM memory test OK[0m
[0;32mI (750) cpu_start: Pro cpu start user code[0m
[0;32mI (750) cpu_start: cpu freq: 240000000 Hz[0m
[0;32mI (750) app_init: Application information:[0m
[0;32mI (753) app_init: Project name:     esp_idf_v5.0_tembed[0m
[0;32mI (758) app_init: App version:      01a3a70-dirty[0m
[0;32mI (764) app_init: Compile time:     Oct 14 2024 18:51:21[0m
[0;32mI (770) app_init: ELF file SHA256:  e72d0cbb49b8a811...[0m
[0;32mI (776) app_init: ESP-IDF:          v5.3.1-dirty[0m
[0;32mI (781) efuse_init: Min chip rev:     v0.0[0m
[0;32mI (786) efuse_init: Max chip rev:     v0.99 [0m
[0;32mI (791) efuse_init: Chip rev:         v0.1[0m
[0;32mI (796) heap_init: Initializing. RAM available for dynamic allocation:[0m
[0;32mI (803) heap_init: At 3FCA21F8 len 00047518 (285 KiB): RAM[0m
[0;32mI (809) heap_init: At 3FCE9710 len 00005724 (21 KiB): RAM[0m
[0;32mI (815) heap_init: At 3FCF0000 len 00008000 (32 KiB): DRAM[0m
[0;32mI (821) heap_init: At 600FE104 len 00001EE4 (7 KiB): RTCRAM[0m
[0;32mI (827) esp_psram: Adding pool of 7040K of PSRAM memory to heap allocator[0m
[0;32mI (835) spi_flash: detected chip: gd[0m
[0;32mI (839) spi_flash: flash io: qio[0m
[0;32mI (843) sleep: Configure to isolate all GPIO pins in sleep state[0m
[0;32mI (850) sleep: Enable automatic switching of GPIO sleep configuration[0m
[0;32mI (857) main_task: Started on CPU0[0m
[0;32mI (867) esp_psram: Reserving pool of 32K of internal memory for DMA/internal allocations[0m
[0;32mI (867) main_task: Calling app_main()[0m
[0;32mI (877) tembed: Hello lcd![0m
This is esp32s3 chip with 2 CPU core(s), WiFi/BLE, silicon revision v0.1, 16MB external flash
Minimum free heap size: 7505964 bytes
[0;32mI (887) gpio: GPIO[46]| InputEn: 0| OutputEn: 1| OpenDrain: 0| Pullup: 0| Pulldown: 0| Intr:0 [0m
[0;32mI (897) APA102: Init clk:45 data:42[0m
[0;32mI (907) gpio: GPIO[42]| InputEn: 0| OutputEn: 1| OpenDrain: 0| Pullup: 0| Pulldown: 0| Intr:0 [0m
[0;32mI (907) gpio: GPIO[45]| InputEn: 0| OutputEn: 1| OpenDrain: 0| Pullup: 0| Pulldown: 0| Intr:0 [0m
[0;32mI (917) lcd: Backlight off[0m
[0;32mI (927) gpio: GPIO[15]| InputEn: 0| OutputEn: 1| OpenDrain: 0| Pullup: 0| Pulldown: 0| Intr:0 [0m
[0;32mI (937) lcd: Init SPI bus[0m
[0;32mI (937) lcd: Init panel io[0m
[0;32mI (937) gpio: GPIO[13]| InputEn: 0| OutputEn: 1| OpenDrain: 0| Pullup: 0| Pulldown: 0| Intr:0 [0m
[0;32mI (947) lcd: Attach panel[0m
[0;32mI (957) gpio: GPIO[9]| InputEn: 0| OutputEn: 1| OpenDrain: 0| Pullup: 0| Pulldown: 0| Intr:0 [0m
[0;32mI (967) lcd: Init lcd[0m
[0;32mI (2087) lcd: Enable lcd[0m
[0;32mI (2087) lcd: Backlight on[0m
[0;32mI (2087) gpio: GPIO[0]| InputEn: 1| OutputEn: 0| OpenDrain: 0| Pullup: 1| Pulldown: 0| Intr:0 [0m
[0;32mI (2087) gpio: GPIO[2]| InputEn: 1| OutputEn: 0| OpenDrain: 0| Pullup: 1| Pulldown: 0| Intr:3 [0m
[0;32mI (2097) gpio: GPIO[1]| InputEn: 1| OutputEn: 0| OpenDrain: 0| Pullup: 1| Pulldown: 0| Intr:3 [0m
[0;32mI (2107) Knob: Iot Knob Config Succeed, encoder A:2, encoder B:1, direction:0, Version: 0.1.0[0m
[0;32mI (2117) lvgl: Init[0m
[0;32mI (2117) lvgl: Register display[0m
[0;32mI (2127) lvgl: Tick timer[0m
[0;32mI (2127) tembed: Display LVGL[0m
Guru Meditation Error: Core  0 panic'ed (LoadProhibited). Exception was unhandled.

Core  0 register dump:
PC      : 0x4204e877  PS      : 0x00060f30  A0      : 0x8200cf13  A1      : 0x3fca5bf0  
A2      : 0x00000000  A3      : 0x00000000  A4      : 0x00000055  A5      : 0x00000000  
A6      : 0x00000000  A7      : 0x00000000  A8      : 0x00000001  A9      : 0x3fca5be0  
A10     : 0x3fc9b300  A11     : 0x00000001  A12     : 0x00000000  A13     : 0x00000001  
A14     : 0xfff10000  A15     : 0x3fc991fc  SAR     : 0x0000001b  EXCCAUSE: 0x0000001c  
EXCVADDR: 0x00000008  LBEG    : 0x42010939  LEND    : 0x42010940  LCOUNT  : 0x00000001  


Backtrace: 0x4204e874:0x3fca5bf0 0x4200cf10:0x3fca5c10 0x42018b00:0x3fca5c40 0x4200a133:0x3fca5c90 0x4200a328:0x3fca5cd0 0x4200a486:0x3fca5cf0 0x42053efb:0x3fca5d30




ELF file SHA256: e72d0cbb49b8a811

Rebooting...
ESP-ROM:esp32s3-20210327
Build:Mar 27 2021
rst:0xc (RTC_SW_CPU_RST),boot:0x8 (SPI_FAST_FLASH_BOOT)
Saved PC:0x40375e3c
SPIWP:0xee
mode:DIO, clock div:1
load:0x3fce2820,len:0x1918
load:0x403c8700,len:0x4
load:0x403c8704,len:0xe5c
load:0x403cb700,len:0x303c
entry 0x403c893c
[0;32mI (26) boot: ESP-IDF v5.3.1-dirty 2nd stage bootloader[0m
[0;32mI (26) boot: compile time Oct 14 2024 10:29:00[0m
[0;32mI (26) boot: Multicore bootloader[0m
[0;32mI (30) boot: chip revision: v0.1[0m
[0;32mI (34) qio_mode: Enabling default flash chip QIO[0m
[0;32mI (39) boot.esp32s3: Boot SPI Speed : 80MHz[0m
[0;32mI (44) boot.esp32s3: SPI Mode       : QIO[0m
[0;32mI (48) boot.esp32s3: SPI Flash Size : 16MB[0m
[0;32mI (53) boot: Enabling RNG early entropy source...[0m
[0;32mI (59) boot: Partition Table:[0m
[0;32mI (62) boot: ## Label            Usage          Type ST Offset   Length[0m
[0;32mI (69) boot:  0 nvs              WiFi data        01 02 00009000 00006000[0m
[0;32mI (77) boot:  1 phy_init         RF data          01 01 0000f000 00001000[0m
[0;32mI (84) boot:  2 factory          factory app      00 00 00010000 00177000[0m
[0;32mI (92) boot: End of partition table[0m
[0;32mI (96) esp_image: segment 0: paddr=00010020 vaddr=3c060020 size=374cch (226508) map[0m
[0;32mI (139) esp_image: segment 1: paddr=000474f4 vaddr=3fc95f00 size=032d0h ( 13008) load[0m
[0;32mI (142) esp_image: segment 2: paddr=0004a7cc vaddr=40374000 size=0584ch ( 22604) load[0m
[0;32mI (149) esp_image: segment 3: paddr=00050020 vaddr=42000020 size=54aa8h (346792) map[0m
[0;32mI (206) esp_image: segment 4: paddr=000a4ad0 vaddr=4037984c size=0c5e8h ( 50664) load[0m
[0;32mI (216) esp_image: segment 5: paddr=000b10c0 vaddr=600fe100 size=00004h (     4) load[0m
[0;32mI (223) boot: Loaded app from partition at offset 0x10000[0m
[0;32mI (224) boot: Disabling RNG early entropy source...[0m
[0;32mI (236) octal_psram: ECC is enabled[0m
[0;32mI (237) octal_psram: vendor id    : 0x0d (AP)[0m
[0;32mI (237) octal_psram: dev id       : 0x02 (generation 3)[0m
[0;32mI (240) octal_psram: density      : 0x03 (64 Mbit)[0m
[0;32mI (246) octal_psram: good-die     : 0x01 (Pass)[0m
[0;32mI (251) octal_psram: Latency      : 0x01 (Fixed)[0m
[0;32mI (256) octal_psram: VCC          : 0x01 (3V)[0m
[0;32mI (261) octal_psram: SRF          : 0x01 (Fast Refresh)[0m
[0;32mI (267) octal_psram: BurstType    : 0x00 ( Wrap)[0m
[0;32mI (272) octal_psram: BurstLen     : 0x03 (1024 Byte)[0m
[0;32mI (278) octal_psram: Readlatency  : 0x02 (10 cycles@Fixed)[0m
[0;32mI (284) octal_psram: DriveStrength: 0x00 (1/1)[0m
[0;32mI (290) MSPI Timing: PSRAM timing tuning index: 5[0m
[0;32mI (295) esp_psram: Found 8MB PSRAM device[0m
[0;32mI (299) esp_psram: Speed: 80MHz[0m
[0;32mI (323) mmu_psram: Read only data copied and mapped to SPIRAM[0m
[0;32mI (355) mmu_psram: Instructions copied and mapped to SPIRAM[0m
[0;32mI (355) cpu_start: Multicore app[0m
[0;32mI (741) esp_psram: SPI SRAM memory test OK[0m
[0;32mI (750) cpu_start: Pro cpu start user code[0m
[0;32mI (750) cpu_start: cpu freq: 240000000 Hz[0m
[0;32mI (750) app_init: Application information:[0m
[0;32mI (753) app_init: Project name:     esp_idf_v5.0_tembed[0m
[0;32mI (758) app_init: App version:      01a3a70-dirty[0m
[0;32mI (764) app_init: Compile time:     Oct 14 2024 18:51:21[0m
[0;32mI (770) app_init: ELF file SHA256:  e72d0cbb49b8a811...[0m
[0;32mI (776) app_init: ESP-IDF:          v5.3.1-dirty[0m
[0;32mI (781) efuse_init: Min chip rev:     v0.0[0m
[0;32mI (786) efuse_init: Max chip rev:     v0.99 [0m
[0;32mI (791) efuse_init: Chip rev:         v0.1[0m
[0;32mI (796) heap_init: Initializing. RAM available for dynamic allocation:[0m
[0;32mI (803) heap_init: At 3FCA21F8 len 00047518 (285 KiB): RAM[0m
[0;32mI (809) heap_init: At 3FCE9710 len 00005724 (21 KiB): RAM[0m
[0;32mI (815) heap_init: At 3FCF0000 len 00008000 (32 KiB): DRAM[0m
[0;32mI (821) heap_init: At 600FE104 len 00001EE4 (7 KiB): RTCRAM[0m
[0;32mI (827) esp_psram: Adding pool of 7040K of PSRAM memory to heap allocator[0m
[0;32mI (835) spi_flash: detected chip: gd[0m
[0;32mI (839) spi_flash: flash io: qio[0m
[0;32mI (843) sleep: Configure to isolate all GPIO pins in sleep state[0m
[0;32mI (850) sleep: Enable automatic switching of GPIO sleep configuration[0m
[0;32mI (857) main_task: Started on CPU0[0m
[0;32mI (867) esp_psram: Reserving pool of 32K of internal memory for DMA/internal allocations[0m
[0;32mI (867) main_task: Calling app_main()[0m
[0;32mI (877) tembed: Hello lcd![0m
This is esp32s3 chip with 2 CPU core(s), WiFi/BLE, silicon revision v0.1, 16MB external flash
Minimum free heap size: 7505964 bytes
[0;32mI (887) gpio: GPIO[46]| InputEn: 0| OutputEn: 1| OpenDrain: 0| Pullup: 0| Pulldown: 0| Intr:0 [0m
[0;32mI (897) APA102: Init clk:45 data:42[0m
[0;32mI (907) gpio: GPIO[42]| InputEn: 0| OutputEn: 1| OpenDrain: 0| Pullup: 0| Pulldown: 0| Intr:0 [0m
[0;32mI (907) gpio: GPIO[45]| InputEn: 0| OutputEn: 1| OpenDrain: 0| Pullup: 0| Pulldown: 0| Intr:0 [0m
[0;32mI (917) lcd: Backlight off[0m
[0;32mI (927) gpio: GPIO[15]| InputEn: 0| OutputEn: 1| OpenDrain: 0| Pullup: 0| Pulldown: 0| Intr:0 [0m
[0;32mI (937) lcd: Init SPI bus[0m
[0;32mI (937) lcd: Init panel io[0m
[0;32mI (937) gpio: GPIO[13]| InputEn: 0| OutputEn: 1| OpenDrain: 0| Pullup: 0| Pulldown: 0| Intr:0 [0m
[0;32mI (947) lcd: Attach panel[0m
[0;32mI (957) gpio: GPIO[9]| InputEn: 0| OutputEn: 1| OpenDrain: 0| Pullup: 0| Pulldown: 0| Intr:0 [0m
[0;32mI (967) lcd: Init lcd[0m
[0;32mI (2087) lcd: Enable lcd[0m
[0;32mI (2087) lcd: Backlight on[0m
[0;32mI (2087) gpio: GPIO[0]| InputEn: 1| OutputEn: 0| OpenDrain: 0| Pullup: 1| Pulldown: 0| Intr:0 [0m
[0;32mI (2087) gpio: GPIO[2]| InputEn: 1| OutputEn: 0| OpenDrain: 0| Pullup: 1| Pulldown: 0| Intr:3 [0m
[0;32mI (2097) gpio: GPIO[1]| InputEn: 1| OutputEn: 0| OpenDrain: 0| Pullup: 1| Pulldown: 0| Intr:3 [0m
[0;32mI (2107) Knob: Iot Knob Config Succeed, encoder A:2, encoder B:1, direction:0, Version: 0.1.0[0m
[0;32mI (2117) lvgl: Init[0m
[0;32mI (2117) lvgl: Register display[0m
[0;32mI (2127) lvgl: Tick timer[0m
[0;32mI (2127) tembed: Display LVGL[0m
Guru Meditation Error: Core  0 panic'ed (LoadProhibited). Exception was unhandled.

Core  0 register dump:
PC      : 0x4204e877  PS      : 0x00060f30  A0      : 0x8200cf13  A1      : 0x3fca5bf0  
A2      : 0x00000000  A3      : 0x00000000  A4      : 0x00000055  A5      : 0x00000000  
A6      : 0x00000000  A7      : 0x00000000  A8      : 0x00000001  A9      : 0x3fca5be0  
A10     : 0x3fc9b300  A11     : 0x00000001  A12     : 0x00000000  A13     : 0x00000001  
A14     : 0xfff10000  A15     : 0x3fc991fc  SAR     : 0x0000001b  EXCCAUSE: 0x0000001c  
EXCVADDR: 0x00000008  LBEG    : 0x42010939  LEND    : 0x42010940  LCOUNT  : 0x00000001  


Backtrace: 0x4204e874:0x3fca5bf0 0x4200cf10:0x3fca5c10 0x42018b00:0x3fca5c40 0x4200a133:0x3fca5c90 0x4200a328:0x3fca5cd0 0x4200a486:0x3fca5cf0 0x42053efb:0x3fca5d30




ELF file SHA256: e72d0cbb49b8a811

Rebooting...
ESP-ROM:esp32s3-20210327
Build:Mar 27 2021
rst:0xc (RTC_SW_CPU_RST),boot:0x8 (SPI_FAST_FLASH_BOOT)
Saved PC:0x40375e3c
SPIWP:0xee
mode:DIO, clock div:1
load:0x3fce2820,len:0x1918
load:0x403c8700,len:0x4
load:0x403c8704,len:0xe5c
load:0x403cb700,len:0x303c
entry 0x403c893c
[0;32mI (26) boot: ESP-IDF v5.3.1-dirty 2nd stage bootloader[0m
[0;32mI (26) boot: compile time Oct 14 2024 10:29:00[0m
[0;32mI (26) boot: Multicore bootloader[0m
[0;32mI (30) boot: chip revision: v0.1[0m
[0;32mI (34) qio_mode: Enabling default flash chip QIO[0m
[0;32mI (39) boot.esp32s3: Boot SPI Speed : 80MHz[0m
[0;32mI (44) boot.esp32s3: SPI Mode       : QIO[0m
[0;32mI (48) boot.esp32s3: SPI Flash Size : 16MB[0m
[0;32mI (53) boot: Enabling RNG early entropy source...[0m
[0;32mI (59) boot: Partition Table:[0m
[0;32mI (62) boot: ## Label            Usage          Type ST Offset   Length[0m
[0;32mI (69) boot:  0 nvs              WiFi data        01 02 00009000 00006000[0m
[0;32mI (77) boot:  1 phy_init         RF data          01 01 0000f000 00001000[0m
[0;32mI (84) boot:  2 factory          factory app      00 00 00010000 00177000[0m
[0;32mI (92) boot: End of partition table[0m
[0;32mI (96) esp_image: segment 0: paddr=00010020 vaddr=3c060020 size=374cch (226508) map[0m
[0;32mI (139) esp_image: segment 1: paddr=000474f4 vaddr=3fc95f00 size=032d0h ( 13008) load[0m
[0;32mI (142) esp_image: segment 2: paddr=0004a7cc vaddr=40374000 size=0584ch ( 22604) load[0m
[0;32mI (149) esp_image: segment 3: paddr=00050020 vaddr=42000020 size=54aa8h (346792) map[0m
[0;32mI (206) esp_image: segment 4: paddr=000a4ad0 vaddr=4037984c size=0c5e8h ( 50664) load[0m
[0;32mI (216) esp_image: segment 5: paddr=000b10c0 vaddr=600fe100 size=00004h (     4) load[0m
[0;32mI (223) boot: Loaded app from partition at offset 0x10000[0m
[0;32mI (224) boot: Disabling RNG early entropy source...[0m
[0;32mI (236) octal_psram: ECC is enabled[0m
[0;32mI (237) octal_psram: vendor id    : 0x0d (AP)[0m
[0;32mI (237) octal_psram: dev id       : 0x02 (generation 3)[0m
[0;32mI (240) octal_psram: density      : 0x03 (64 Mbit)[0m
[0;32mI (246) octal_psram: good-die     : 0x01 (Pass)[0m
[0;32mI (251) octal_psram: Latency      : 0x01 (Fixed)[0m
[0;32mI (256) octal_psram: VCC          : 0x01 (3V)[0m
[0;32mI (261) octal_psram: SRF          : 0x01 (Fast Refresh)[0m
[0;32mI (267) octal_psram: BurstType    : 0x00 ( Wrap)[0m
[0;32mI (272) octal_psram: BurstLen     : 0x03 (1024 Byte)[0m
[0;32mI (278) octal_psram: Readlatency  : 0x02 (10 cycles@Fixed)[0m
[0;32mI (284) octal_psram: DriveStrength: 0x00 (1/1)[0m
[0;32mI (290) MSPI Timing: PSRAM timing tuning index: 5[0m
[0;32mI (295) esp_psram: Found 8MB PSRAM device[0m
[0;32mI (299) esp_psram: Speed: 80MHz[0m
[0;32mI (323) mmu_psram: Read only data copied and mapped to SPIRAM[0m
[0;32mI (355) mmu_psram: Instructions copied and mapped to SPIRAM[0m
[0;32mI (355) cpu_start: Multicore app[0m
[0;32mI (741) esp_psram: SPI SRAM memory test OK[0m
[0;32mI (750) cpu_start: Pro cpu start user code[0m
[0;32mI (750) cpu_start: cpu freq: 240000000 Hz[0m
[0;32mI (750) app_init: Application information:[0m
[0;32mI (753) app_init: Project name:     esp_idf_v5.0_tembed[0m
[0;32mI (758) app_init: App version:      01a3a70-dirty[0m
[0;32mI (764) app_init: Compile time:     Oct 14 2024 18:51:21[0m
[0;32mI (770) app_init: ELF file SHA256:  e72d0cbb49b8a811...[0m
[0;32mI (776) app_init: ESP-IDF:          v5.3.1-dirty[0m
[0;32mI (781) efuse_init: Min chip rev:     v0.0[0m
[0;32mI (786) efuse_init: Max chip rev:     v0.99 [0m
[0;32mI (791) efuse_init: Chip rev:         v0.1[0m
[0;32mI (796) heap_init: Initializing. RAM available for dynamic allocation:[0m
[0;32mI (803) heap_init: At 3FCA21F8 len 00047518 (285 KiB): RAM[0m
[0;32mI (809) heap_init: At 3FCE9710 len 00005724 (21 KiB): RAM[0m
[0;32mI (815) heap_init: At 3FCF0000 len 00008000 (32 KiB): DRAM[0m
[0;32mI (821) heap_init: At 600FE104 len 00001EE4 (7 KiB): RTCRAM[0m
[0;32mI (827) esp_psram: Adding pool of 7040K of PSRAM memory to heap allocator[0m
[0;32mI (835) spi_flash: detected chip: gd[0m
[0;32mI (839) spi_flash: flash io: qio[0m
[0;32mI (843) sleep: Configure to isolate all GPIO pins in sleep state[0m
[0;32mI (850) sleep: Enable automatic switching of GPIO sleep configuration[0m
[0;32mI (857) main_task: Started on CPU0[0m
[0;32mI (867) esp_psram: Reserving pool of 32K of internal memory for DMA/internal allocations[0m
[0;32mI (867) main_task: Calling app_main()[0m
[0;32mI (877) tembed: Hello lcd![0m
This is esp32s3 chip with 2 CPU core(s), WiFi/BLE, silicon revision v0.1, 16MB external flash
Minimum free heap size: 7505964 bytes
[0;32mI (887) gpio: GPIO[46]| InputEn: 0| OutputEn: 1| OpenDrain: 0| Pullup: 0| Pulldown: 0| Intr:0 [0m
[0;32mI (897) APA102: Init clk:45 data:42[0m
[0;32mI (907) gpio: GPIO[42]| InputEn: 0| OutputEn: 1| OpenDrain: 0| Pullup: 0| Pulldown: 0| Intr:0 [0m
[0;32mI (907) gpio: GPIO[45]| InputEn: 0| OutputEn: 1| OpenDrain: 0| Pullup: 0| Pulldown: 0| Intr:0 [0m
[0;32mI (917) lcd: Backlight off[0m
[0;32mI (927) gpio: GPIO[15]| InputEn: 0| OutputEn: 1| OpenDrain: 0| Pullup: 0| Pulldown: 0| Intr:0 [0m
[0;32mI (937) lcd: Init SPI bus[0m
[0;32mI (937) lcd: Init panel io[0m
[0;32mI (937) gpio: GPIO[13]| InputEn: 0| OutputEn: 1| OpenDrain: 0| Pullup: 0| Pulldown: 0| Intr:0 [0m
[0;32mI (947) lcd: Attach panel[0m
[0;32mI (957) gpio: GPIO[9]| InputEn: 0| OutputEn: 1| OpenDrain: 0| Pullup: 0| Pulldown: 0| Intr:0 [0m
[0;32mI (967) lcd: Init lcd[0m
[0;32mI (2087) lcd: Enable lcd[0m
[0;32mI (2087) lcd: Backlight on[0m
[0;32mI (2087) gpio: GPIO[0]| InputEn: 1| OutputEn: 0| OpenDrain: 0| Pullup: 1| Pulldown: 0| Intr:0 [0m
